Archive member included to satisfy reference by file (symbol)

C:\Users\kille\Desktop\Senior Project\SeniorProject\Hardware\lib_board_dp\Debug\liblib_board_dp.a(board.o)
                              ./src/main.o (Board_Init)
C:\Users\kille\Desktop\Senior Project\SeniorProject\Hardware\lib_chip_8Nxx\Debug\liblib_chip_8Nxx.a(clock_8Nxx.o)
                              ./src/main.o (Chip_Clock_System_SetClockFreq)
C:\Users\kille\Desktop\Senior Project\SeniorProject\Hardware\lib_chip_8Nxx\Debug\liblib_chip_8Nxx.a(eeprom_8Nxx.o)
                              ./src/main.o (Chip_EEPROM_Flush)
C:\Users\kille\Desktop\Senior Project\SeniorProject\Hardware\lib_chip_8Nxx\Debug\liblib_chip_8Nxx.a(flash_8Nxx.o)
                              C:\Users\kille\Desktop\Senior Project\SeniorProject\Hardware\lib_chip_8Nxx\Debug\liblib_chip_8Nxx.a(clock_8Nxx.o) (Chip_Flash_GetNumWaitStates)
C:\Users\kille\Desktop\Senior Project\SeniorProject\Hardware\lib_chip_8Nxx\Debug\liblib_chip_8Nxx.a(gpio_8Nxx.o)
                              C:\Users\kille\Desktop\Senior Project\SeniorProject\Hardware\lib_board_dp\Debug\liblib_board_dp.a(board.o) (Chip_GPIO_Init)
C:\Users\kille\Desktop\Senior Project\SeniorProject\Hardware\lib_chip_8Nxx\Debug\liblib_chip_8Nxx.a(iocon_8Nxx.o)
                              C:\Users\kille\Desktop\Senior Project\SeniorProject\Hardware\lib_board_dp\Debug\liblib_board_dp.a(board.o) (Chip_IOCON_Init)
C:\Users\kille\Desktop\Senior Project\SeniorProject\Hardware\lib_chip_8Nxx\Debug\liblib_chip_8Nxx.a(nfc_8Nxx.o)
                              ./src/main.o (Chip_NFC_Init)
C:\Users\kille\Desktop\Senior Project\SeniorProject\Hardware\lib_chip_8Nxx\Debug\liblib_chip_8Nxx.a(pmu_8Nxx.o)
                              ./src/main.o (Chip_PMU_PowerMode_EnterDeepPowerDown)
C:\Users\kille\Desktop\Senior Project\SeniorProject\Hardware\lib_chip_8Nxx\Debug\liblib_chip_8Nxx.a(rtc_8Nxx.o)
                              ./src/timer.o (Chip_RTC_Init)
C:\Users\kille\Desktop\Senior Project\SeniorProject\Hardware\lib_chip_8Nxx\Debug\liblib_chip_8Nxx.a(syscon_8Nxx.o)
                              C:\Users\kille\Desktop\Senior Project\SeniorProject\Hardware\lib_chip_8Nxx\Debug\liblib_chip_8Nxx.a(eeprom_8Nxx.o) (Chip_SysCon_Peripheral_AssertReset)
C:\Users\kille\Desktop\Senior Project\SeniorProject\Hardware\lib_chip_8Nxx\Debug\liblib_chip_8Nxx.a(timer_8Nxx.o)
                              ./src/main.o (Chip_TIMER_Init)
C:\Users\kille\Desktop\Senior Project\SeniorProject\Hardware\lib_chip_8Nxx\Debug\liblib_chip_8Nxx.a(tsen_8Nxx.o)
                              ./mods/tmeas/tmeas.o (Chip_TSen_Init)
C:\Users\kille\Desktop\Senior Project\SeniorProject\Hardware\lib_chip_8Nxx\Debug\liblib_chip_8Nxx.a(mcux_startup.o)
                              (ResetISR)
C:\Users\kille\Desktop\Senior Project\SeniorProject\Hardware\lib_chip_8Nxx\Debug\liblib_chip_8Nxx.a(bussync_8Nxx.o)
                              C:\Users\kille\Desktop\Senior Project\SeniorProject\Hardware\lib_chip_8Nxx\Debug\liblib_chip_8Nxx.a(pmu_8Nxx.o) (Chip_BusSync_WriteReg)
c:/nxp/mcuxpressoide_10.0.2_411/ide/tools/bin/../lib/gcc/arm-none-eabi/5.4.1/../../../../arm-none-eabi/lib/armv6-m\libcr_semihost.a(_cr__main.o)
                              C:\Users\kille\Desktop\Senior Project\SeniorProject\Hardware\lib_chip_8Nxx\Debug\liblib_chip_8Nxx.a(mcux_startup.o) (__main)
c:/nxp/mcuxpressoide_10.0.2_411/ide/tools/bin/../lib/gcc/arm-none-eabi/5.4.1/../../../../arm-none-eabi/lib/armv6-m\libcr_c.a(memcpy.o)
                              ./mods/ndeft2t/ndeft2t.o (memcpy)
c:/nxp/mcuxpressoide_10.0.2_411/ide/tools/bin/../lib/gcc/arm-none-eabi/5.4.1/../../../../arm-none-eabi/lib/armv6-m\libcr_c.a(memmove.o)
                              ./mods/ndeft2t/ndeft2t.o (memmove)
c:/nxp/mcuxpressoide_10.0.2_411/ide/tools/bin/../lib/gcc/arm-none-eabi/5.4.1/../../../../arm-none-eabi/lib/armv6-m\libcr_c.a(initio.o)
                              c:/nxp/mcuxpressoide_10.0.2_411/ide/tools/bin/../lib/gcc/arm-none-eabi/5.4.1/../../../../arm-none-eabi/lib/armv6-m\libcr_semihost.a(_cr__main.o) (_initio)
c:/nxp/mcuxpressoide_10.0.2_411/ide/tools/bin/../lib/gcc/arm-none-eabi/5.4.1/../../../../arm-none-eabi/lib/armv6-m\libcr_c.a(setvbuf.o)
                              c:/nxp/mcuxpressoide_10.0.2_411/ide/tools/bin/../lib/gcc/arm-none-eabi/5.4.1/../../../../arm-none-eabi/lib/armv6-m\libcr_c.a(initio.o) (setvbuf)
c:/nxp/mcuxpressoide_10.0.2_411/ide/tools/bin/../lib/gcc/arm-none-eabi/5.4.1/../../../../arm-none-eabi/lib/armv6-m\libcr_c.a(strcat.o)
                              ./src/main.o (strcat)
c:/nxp/mcuxpressoide_10.0.2_411/ide/tools/bin/../lib/gcc/arm-none-eabi/5.4.1/../../../../arm-none-eabi/lib/armv6-m\libcr_c.a(strcpy.o)
                              ./src/main.o (strcpy)
c:/nxp/mcuxpressoide_10.0.2_411/ide/tools/bin/../lib/gcc/arm-none-eabi/5.4.1/../../../../arm-none-eabi/lib/armv6-m\libcr_c.a(strlen.o)
                              ./src/main.o (strlen)
[...]
Memory Configuration

Name             Origin             Length             Attributes
MFlash32         0x00000000         0x00008000         xr
RamLoc8          0x10000000         0x00002000         xrw
*default*        0x00000000         0xffffffff

Linker script and memory map

LOAD ./src/crp.o
LOAD ./src/main.o
LOAD ./src/timer.o
LOAD ./mods/tmeas/tmeas.o
LOAD ./mods/ndeft2t/ndeft2t.o
LOAD C:\Users\kille\Desktop\Senior Project\SeniorProject\Hardware\lib_board_dp\Debug\liblib_board_dp.a
LOAD C:\Users\kille\Desktop\Senior Project\SeniorProject\Hardware\lib_chip_8Nxx\Debug\liblib_chip_8Nxx.a
START GROUP
LOAD c:/nxp/mcuxpressoide_10.0.2_411/ide/tools/bin/../lib/gcc/arm-none-eabi/5.4.1/../../../../arm-none-eabi/lib/armv6-m\libcr_semihost.a
LOAD c:/nxp/mcuxpressoide_10.0.2_411/ide/tools/bin/../lib/gcc/arm-none-eabi/5.4.1/../../../../arm-none-eabi/lib/armv6-m\libcr_c.a
LOAD c:/nxp/mcuxpressoide_10.0.2_411/ide/tools/bin/../lib/gcc/arm-none-eabi/5.4.1/armv6-m\libcr_eabihelpers.a
END GROUP
                0x00000000                __base_MFlash32 = 0x0
                0x00000000                __base_Flash = 0x0
                0x00008000                __top_MFlash32 = 0x8000
                0x00008000                __top_Flash = 0x8000
                0x10000000                __base_RamLoc8 = 0x10000000
                0x10000000                __base_RAM = 0x10000000
                0x10002000                __top_RamLoc8 = 0x10002000
                0x10002000                __top_RAM = 0x10002000

.text           0x00000000     0x4da0
 FILL mask 0xff
                0x00000000                __vectors_start__ = ABSOLUTE (.)
 *(.isr_vector)
 .isr_vector    0x00000000       0xc0 C:\Users\kille\Desktop\Senior Project\SeniorProject\Hardware\lib_chip_8Nxx\Debug\liblib_chip_8Nxx.a(mcux_startup.o)
                0x00000000                g_pfnVectors
                0x000000c0                . = ALIGN (0x4)
                0x000000c0                __section_table_start = .
                0x000000c0                __data_section_table = .
                0x000000c0        0x4 LONG 0x4da0 LOADADDR (.data)
                0x000000c4        0x4 LONG 0x10000000 ADDR (.data)
                0x000000c8        0x4 LONG 0x34 SIZEOF (.data)
                0x000000cc                __data_section_table_end = .
                0x000000cc                __bss_section_table = .
                0x000000cc        0x4 LONG 0x10000034 ADDR (.bss)
                0x000000d0        0x4 LONG 0x13d8 SIZEOF (.bss)
                0x000000d4                __bss_section_table_end = .
                0x000000d4                __section_table_end = .
 *(.after_vectors*)
 .after_vectors
                0x000000d4      0x104 C:\Users\kille\Desktop\Senior Project\SeniorProject\Hardware\lib_chip_8Nxx\Debug\liblib_chip_8Nxx.a(mcux_startup.o)
                0x00000148                Startup_VarInit
                0x000001c4                ResetISR
                0x000002fc                . = 0x2fc
 *fill*         0x000001d8      0x124 ff
                0x000002fc                PROVIDE (__CRP_WORD_START__, .)
 *(.crp)
 .crp           0x000002fc        0x4 ./src/crp.o
                0x000002fc                CRP_WORD
                0x00000300                PROVIDE (__CRP_WORD_END__, .)
                0x00000001                ASSERT (! ((__CRP_WORD_START__ == __CRP_WORD_END__)), Linker CRP Enabled, but no CRP_WORD provided within application)
 *(.text*)
 .text.NVIC_EnableIRQ
                0x00000300       0x2c ./src/main.o
 .text.NVIC_DisableIRQ
                0x0000032c       0x30 ./src/main.o
 .text.Chip_TIMER_MatchPending
                0x0000035c       0x34 ./src/main.o
 .text.Chip_TIMER_ClearMatch
                0x00000390       0x24 ./src/main.o
 .text.Chip_TIMER_Enable
                0x000003b4       0x1c ./src/main.o
 .text.Chip_TIMER_Disable
                0x000003d0       0x20 ./src/main.o
 .text.Chip_TIMER_ReadCount
                0x000003f0       0x14 ./src/main.o
 .text.Chip_TIMER_PrescaleSet
                0x00000404       0x18 ./src/main.o
 .text.Chip_TIMER_SetMatch
                0x0000041c       0x2c ./src/main.o
 .text.Chip_TIMER_MatchEnableInt
                0x00000448       0x34 ./src/main.o
 .text.Chip_TIMER_MatchDisableInt
                0x0000047c       0x38 ./src/main.o
 .text.Chip_TIMER_ResetOnMatchEnable
                0x000004b4       0x38 ./src/main.o
 .text.Chip_TIMER_ResetOnMatchDisable
                0x000004ec       0x38 ./src/main.o
 .text.Chip_TIMER_StopOnMatchDisable
                0x00000524       0x38 ./src/main.o
 .text.NDEFT2T_FieldStatus_Cb
                0x0000055c       0x50 ./src/main.o
                0x0000055c                NDEFT2T_FieldStatus_Cb
 .text.NDEFT2T_MsgAvailable_Cb
                0x000005ac       0x28 ./src/main.o
                0x000005ac                NDEFT2T_MsgAvailable_Cb
 .text.App_TmeasCb
                0x000005d4       0x68 ./src/main.o
                0x000005d4                App_TmeasCb
 .text.Init     0x0000063c      0x194 ./src/main.o
 .text.DeInit   0x000007d0       0x54 ./src/main.o
 .text.convertStr2LEDPattern
                0x00000824       0xa8 ./src/main.o
 .text.StartDisplayTimer
                0x000008cc       0x48 ./src/main.o
 .text.playTone
                0x00000914       0x70 ./src/main.o
 .text.setToneDelay
                0x00000984       0x4c ./src/main.o
 .text.startMusic
                0x000009d0      0x1a8 ./src/main.o
 .text.stopMusic
                0x00000b78       0x38 ./src/main.o
 .text.eepromReadTag
                0x00000bb0       0xe4 ./src/main.o
 .text.eepromReadMusic
                0x00000c94      0x118 ./src/main.o
 .text.eepromWriteTag
                0x00000dac       0xc4 ./src/main.o
 .text.startLEDDisplay
                0x00000e70      0x238 ./src/main.o
 .text.writeNFCDisplayMsg
                0x000010a8      0x250 ./src/main.o
 .text.takeMemSemaphore
                0x000012f8       0x60 ./src/main.o
 .text.releaseMemSemaphore
                0x00001358       0x20 ./src/main.o
 .text.extractMusic
                0x00001378       0xe8 ./src/main.o
 .text.CT32B0_IRQHandler
                0x00001460      0x368 ./src/main.o
                0x00001460                CT32B0_IRQHandler
 .text.main     0x000017c8      0x770 ./src/main.o
                0x000017c8                main
 .text.NVIC_EnableIRQ
                0x00001f38       0x2c ./src/timer.o
 .text.RTC_IRQHandler
                0x00001f64       0x4c ./src/timer.o
                0x00001f64                RTC_IRQHandler
 .text.Timer_Init
                0x00001fb0       0x30 ./src/timer.o
                0x00001fb0                Timer_Init
 .text.Timer_StartMeasurementTimeout
                0x00001fe0       0x80 ./src/timer.o
                0x00001fe0                Timer_StartMeasurementTimeout
 .text.Timer_CheckMeasurementTimeout
                0x00002060       0x14 ./src/timer.o
                0x00002060                Timer_CheckMeasurementTimeout
 .text.NVIC_EnableIRQ
                0x00002074       0x2c ./mods/tmeas/tmeas.o
 .text.NVIC_DisableIRQ
                0x000020a0       0x30 ./mods/tmeas/tmeas.o
 .text.TSEN_IRQHandler
                0x000020d0       0x70 ./mods/tmeas/tmeas.o
                0x000020d0                TSEN_IRQHandler
 .text.Convert  0x00002140       0x4c ./mods/tmeas/tmeas.o
 .text.TMeas_Measure
                0x0000218c       0xfc ./mods/tmeas/tmeas.o
                0x0000218c                TMeas_Measure
 .text.NVIC_EnableIRQ
                0x00002288       0x2c ./mods/ndeft2t/ndeft2t.o
 .text.NVIC_DisableIRQ
                0x000022b4       0x30 ./mods/ndeft2t/ndeft2t.o
 .text.NDEFT2T_Init
                0x000022e4       0x54 ./mods/ndeft2t/ndeft2t.o
                0x000022e4                NDEFT2T_Init
 .text.NDEFT2T_DeInit
                0x00002338       0x20 ./mods/ndeft2t/ndeft2t.o
                0x00002338                NDEFT2T_DeInit
 .text.NDEFT2T_CreateMessage
                0x00002358       0xa0 ./mods/ndeft2t/ndeft2t.o
                0x00002358                NDEFT2T_CreateMessage
 .text.NDEFT2T_CreateTextRecord
                0x000023f8       0x38 ./mods/ndeft2t/ndeft2t.o
                0x000023f8                NDEFT2T_CreateTextRecord
 .text.NDEFT2T_CreateMimeRecord
                0x00002430       0x38 ./mods/ndeft2t/ndeft2t.o
                0x00002430                NDEFT2T_CreateMimeRecord
 .text.NDEFT2T_WriteRecordPayload
                0x00002468       0x94 ./mods/ndeft2t/ndeft2t.o
                0x00002468                NDEFT2T_WriteRecordPayload
 .text.NDEFT2T_CommitRecord
                0x000024fc       0x90 ./mods/ndeft2t/ndeft2t.o
                0x000024fc                NDEFT2T_CommitRecord
 .text.NDEFT2T_CommitMessage
                0x0000258c      0x1e4 ./mods/ndeft2t/ndeft2t.o
                0x0000258c                NDEFT2T_CommitMessage
 .text.NDEFT2T_GetMessage
                0x00002770       0xc8 ./mods/ndeft2t/ndeft2t.o
                0x00002770                NDEFT2T_GetMessage
 .text.NDEFT2T_GetNextRecord
                0x00002838      0x2c4 ./mods/ndeft2t/ndeft2t.o
                0x00002838                NDEFT2T_GetNextRecord
 .text.NDEFT2T_GetRecordPayload
                0x00002afc       0x58 ./mods/ndeft2t/ndeft2t.o
                0x00002afc                NDEFT2T_GetRecordPayload
 .text.CreateRecord
                0x00002b54      0x1a4 ./mods/ndeft2t/ndeft2t.o
 .text.DecodeNdefTlv
                0x00002cf8       0x90 ./mods/ndeft2t/ndeft2t.o
 .text.ValidateNdefMsg
                0x00002d88       0x80 ./mods/ndeft2t/ndeft2t.o
 .text.EnableTermTlvDetection
                0x00002e08       0x38 ./mods/ndeft2t/ndeft2t.o
 .text.DisableTermTlvDetection
                0x00002e40       0x40 ./mods/ndeft2t/ndeft2t.o
 .text.NFC_IRQHandler
                0x00002e80      0x16c ./mods/ndeft2t/ndeft2t.o
                0x00002e80                NFC_IRQHandler
 .text.Board_Init
                0x00002fec       0x20 C:\Users\kille\Desktop\Senior Project\SeniorProject\Hardware\lib_board_dp\Debug\liblib_board_dp.a(board.o)
                0x00002fec                Board_Init
 .text.Chip_Clock_System_SetClockDiv
                0x0000300c       0x80 C:\Users\kille\Desktop\Senior Project\SeniorProject\Hardware\lib_chip_8Nxx\Debug\liblib_chip_8Nxx.a(clock_8Nxx.o)
                0x0000300c                Chip_Clock_System_SetClockDiv
 .text.Chip_Clock_System_GetClockDiv
                0x0000308c       0x20 C:\Users\kille\Desktop\Senior Project\SeniorProject\Hardware\lib_chip_8Nxx\Debug\liblib_chip_8Nxx.a(clock_8Nxx.o)
                0x0000308c                Chip_Clock_System_GetClockDiv
 .text.Chip_Clock_System_SetClockFreq
                0x000030ac       0x2c C:\Users\kille\Desktop\Senior Project\SeniorProject\Hardware\lib_chip_8Nxx\Debug\liblib_chip_8Nxx.a(clock_8Nxx.o)
                0x000030ac                Chip_Clock_System_SetClockFreq
 .text.Chip_Clock_System_GetClockFreq
                0x000030d8       0x20 C:\Users\kille\Desktop\Senior Project\SeniorProject\Hardware\lib_chip_8Nxx\Debug\liblib_chip_8Nxx.a(clock_8Nxx.o)
                0x000030d8                Chip_Clock_System_GetClockFreq
 .text.Chip_Clock_System_BusyWait_us
                0x000030f8       0x7c C:\Users\kille\Desktop\Senior Project\SeniorProject\Hardware\lib_chip_8Nxx\Debug\liblib_chip_8Nxx.a(clock_8Nxx.o)
                0x000030f8                Chip_Clock_System_BusyWait_us
 .text.Chip_Clock_Peripheral_EnableClock
                0x00003174       0x2c C:\Users\kille\Desktop\Senior Project\SeniorProject\Hardware\lib_chip_8Nxx\Debug\liblib_chip_8Nxx.a(clock_8Nxx.o)
                0x00003174                Chip_Clock_Peripheral_EnableClock
 .text.Chip_Clock_Peripheral_DisableClock
                0x000031a0       0x30 C:\Users\kille\Desktop\Senior Project\SeniorProject\Hardware\lib_chip_8Nxx\Debug\liblib_chip_8Nxx.a(clock_8Nxx.o)
                0x000031a0                Chip_Clock_Peripheral_DisableClock
 .text.WaitUntilReady
                0x000031d0       0x34 C:\Users\kille\Desktop\Senior Project\SeniorProject\Hardware\lib_chip_8Nxx\Debug\liblib_chip_8Nxx.a(eeprom_8Nxx.o)
 .text.EEPROM_Write
                0x00003204      0x184 C:\Users\kille\Desktop\Senior Project\SeniorProject\Hardware\lib_chip_8Nxx\Debug\liblib_chip_8Nxx.a(eeprom_8Nxx.o)
 .text.Chip_EEPROM_Init
                0x00003388       0x7c C:\Users\kille\Desktop\Senior Project\SeniorProject\Hardware\lib_chip_8Nxx\Debug\liblib_chip_8Nxx.a(eeprom_8Nxx.o)
                0x00003388                Chip_EEPROM_Init
 .text.Chip_EEPROM_Flush
                0x00003404       0x58 C:\Users\kille\Desktop\Senior Project\SeniorProject\Hardware\lib_chip_8Nxx\Debug\liblib_chip_8Nxx.a(eeprom_8Nxx.o)
                0x00003404                Chip_EEPROM_Flush
 .text.Chip_EEPROM_Read
                0x0000345c       0x94 C:\Users\kille\Desktop\Senior Project\SeniorProject\Hardware\lib_chip_8Nxx\Debug\liblib_chip_8Nxx.a(eeprom_8Nxx.o)
                0x0000345c                Chip_EEPROM_Read
 .text.Chip_EEPROM_Write
                0x000034f0       0x28 C:\Users\kille\Desktop\Senior Project\SeniorProject\Hardware\lib_chip_8Nxx\Debug\liblib_chip_8Nxx.a(eeprom_8Nxx.o)
                0x000034f0                Chip_EEPROM_Write
 .text.Chip_Flash_GetHighPowerMode
                0x00003518       0x2c C:\Users\kille\Desktop\Senior Project\SeniorProject\Hardware\lib_chip_8Nxx\Debug\liblib_chip_8Nxx.a(flash_8Nxx.o)
                0x00003518                Chip_Flash_GetHighPowerMode
 .text.Chip_Flash_GetNumWaitStates
                0x00003544       0x18 C:\Users\kille\Desktop\Senior Project\SeniorProject\Hardware\lib_chip_8Nxx\Debug\liblib_chip_8Nxx.a(flash_8Nxx.o)
                0x00003544                Chip_Flash_GetNumWaitStates
 .text.Chip_GPIO_Init
                0x0000355c       0x18 C:\Users\kille\Desktop\Senior Project\SeniorProject\Hardware\lib_chip_8Nxx\Debug\liblib_chip_8Nxx.a(gpio_8Nxx.o)
                0x0000355c                Chip_GPIO_Init
 .text.Chip_IOCON_Init
                0x00003574       0x1c C:\Users\kille\Desktop\Senior Project\SeniorProject\Hardware\lib_chip_8Nxx\Debug\liblib_chip_8Nxx.a(iocon_8Nxx.o)
                0x00003574                Chip_IOCON_Init
 .text.Chip_IOCON_SetPinConfig
                0x00003590       0x58 C:\Users\kille\Desktop\Senior Project\SeniorProject\Hardware\lib_chip_8Nxx\Debug\liblib_chip_8Nxx.a(iocon_8Nxx.o)
                0x00003590                Chip_IOCON_SetPinConfig
 .text.Chip_IOCON_UngroundAnabus
                0x000035e8       0x28 C:\Users\kille\Desktop\Senior Project\SeniorProject\Hardware\lib_chip_8Nxx\Debug\liblib_chip_8Nxx.a(iocon_8Nxx.o)
                0x000035e8                Chip_IOCON_UngroundAnabus
 .text.Chip_NFC_Init
                0x00003610       0x40 C:\Users\kille\Desktop\Senior Project\SeniorProject\Hardware\lib_chip_8Nxx\Debug\liblib_chip_8Nxx.a(nfc_8Nxx.o)
                0x00003610                Chip_NFC_Init
 .text.Chip_NFC_GetStatus
                0x00003650       0x18 C:\Users\kille\Desktop\Senior Project\SeniorProject\Hardware\lib_chip_8Nxx\Debug\liblib_chip_8Nxx.a(nfc_8Nxx.o)
                0x00003650                Chip_NFC_GetStatus
 .text.Chip_NFC_Int_SetEnabledMask
                0x00003668       0x1c C:\Users\kille\Desktop\Senior Project\SeniorProject\Hardware\lib_chip_8Nxx\Debug\liblib_chip_8Nxx.a(nfc_8Nxx.o)
                0x00003668                Chip_NFC_Int_SetEnabledMask
 .text.Chip_NFC_Int_GetEnabledMask
                0x00003684       0x1c C:\Users\kille\Desktop\Senior Project\SeniorProject\Hardware\lib_chip_8Nxx\Debug\liblib_chip_8Nxx.a(nfc_8Nxx.o)
                0x00003684                Chip_NFC_Int_GetEnabledMask
 .text.Chip_NFC_Int_GetRawStatus
                0x000036a0       0x1c C:\Users\kille\Desktop\Senior Project\SeniorProject\Hardware\lib_chip_8Nxx\Debug\liblib_chip_8Nxx.a(nfc_8Nxx.o)
                0x000036a0                Chip_NFC_Int_GetRawStatus
 .text.Chip_NFC_Int_ClearRawStatus
                0x000036bc       0x44 C:\Users\kille\Desktop\Senior Project\SeniorProject\Hardware\lib_chip_8Nxx\Debug\liblib_chip_8Nxx.a(nfc_8Nxx.o)
                0x000036bc                Chip_NFC_Int_ClearRawStatus
 .text.Chip_NFC_SetTargetAddress
                0x00003700       0x1c C:\Users\kille\Desktop\Senior Project\SeniorProject\Hardware\lib_chip_8Nxx\Debug\liblib_chip_8Nxx.a(nfc_8Nxx.o)
                0x00003700                Chip_NFC_SetTargetAddress
 .text.Chip_Clock_System_BusyWait_ms
                0x0000371c       0x20 C:\Users\kille\Desktop\Senior Project\SeniorProject\Hardware\lib_chip_8Nxx\Debug\liblib_chip_8Nxx.a(pmu_8Nxx.o)
 .text.EnterStandbyMode
                0x0000373c       0x68 C:\Users\kille\Desktop\Senior Project\SeniorProject\Hardware\lib_chip_8Nxx\Debug\liblib_chip_8Nxx.a(pmu_8Nxx.o)
 .text.ModifyRegister
                0x000037a4       0x48 C:\Users\kille\Desktop\Senior Project\SeniorProject\Hardware\lib_chip_8Nxx\Debug\liblib_chip_8Nxx.a(pmu_8Nxx.o)
 .text.Chip_PMU_PowerMode_EnterDeepPowerDown
                0x000037ec       0x44 C:\Users\kille\Desktop\Senior Project\SeniorProject\Hardware\lib_chip_8Nxx\Debug\liblib_chip_8Nxx.a(pmu_8Nxx.o)
                0x000037ec                Chip_PMU_PowerMode_EnterDeepPowerDown
 .text.Chip_PMU_PowerMode_GetDPDWakeupReason
                0x00003830       0x74 C:\Users\kille\Desktop\Senior Project\SeniorProject\Hardware\lib_chip_8Nxx\Debug\liblib_chip_8Nxx.a(pmu_8Nxx.o)
                0x00003830                Chip_PMU_PowerMode_GetDPDWakeupReason
 .text.Chip_PMU_SetBODEnabled
                0x000038a4       0x2c C:\Users\kille\Desktop\Senior Project\SeniorProject\Hardware\lib_chip_8Nxx\Debug\liblib_chip_8Nxx.a(pmu_8Nxx.o)
                0x000038a4                Chip_PMU_SetBODEnabled
 .text.Chip_PMU_GetStatus
                0x000038d0       0x2c C:\Users\kille\Desktop\Senior Project\SeniorProject\Hardware\lib_chip_8Nxx\Debug\liblib_chip_8Nxx.a(pmu_8Nxx.o)
                0x000038d0                Chip_PMU_GetStatus
 .text.Chip_RTC_Init
                0x000038fc       0x1c C:\Users\kille\Desktop\Senior Project\SeniorProject\Hardware\lib_chip_8Nxx\Debug\liblib_chip_8Nxx.a(rtc_8Nxx.o)
                0x000038fc                Chip_RTC_Init
 .text.Chip_RTC_Wakeup_SetControl
                0x00003918       0x34 C:\Users\kille\Desktop\Senior Project\SeniorProject\Hardware\lib_chip_8Nxx\Debug\liblib_chip_8Nxx.a(rtc_8Nxx.o)
                0x00003918                Chip_RTC_Wakeup_SetControl
 .text.Chip_RTC_Wakeup_SetReload
                0x0000394c       0x30 C:\Users\kille\Desktop\Senior Project\SeniorProject\Hardware\lib_chip_8Nxx\Debug\liblib_chip_8Nxx.a(rtc_8Nxx.o)
                0x0000394c                Chip_RTC_Wakeup_SetReload
 .text.Chip_RTC_Wakeup_GetReload
                0x0000397c       0x30 C:\Users\kille\Desktop\Senior Project\SeniorProject\Hardware\lib_chip_8Nxx\Debug\liblib_chip_8Nxx.a(rtc_8Nxx.o)
                0x0000397c                Chip_RTC_Wakeup_GetReload
 .text.Chip_RTC_Int_SetEnabledMask
                0x000039ac       0x38 C:\Users\kille\Desktop\Senior Project\SeniorProject\Hardware\lib_chip_8Nxx\Debug\liblib_chip_8Nxx.a(rtc_8Nxx.o)
                0x000039ac                Chip_RTC_Int_SetEnabledMask
 .text.Chip_RTC_Int_GetRawStatus
                0x000039e4       0x34 C:\Users\kille\Desktop\Senior Project\SeniorProject\Hardware\lib_chip_8Nxx\Debug\liblib_chip_8Nxx.a(rtc_8Nxx.o)
                0x000039e4                Chip_RTC_Int_GetRawStatus
 .text.Chip_RTC_Int_ClearRawStatus
                0x00003a18       0x38 C:\Users\kille\Desktop\Senior Project\SeniorProject\Hardware\lib_chip_8Nxx\Debug\liblib_chip_8Nxx.a(rtc_8Nxx.o)
                0x00003a18                Chip_RTC_Int_ClearRawStatus
 .text.Chip_SysCon_Peripheral_AssertReset
                0x00003a50       0x2c C:\Users\kille\Desktop\Senior Project\SeniorProject\Hardware\lib_chip_8Nxx\Debug\liblib_chip_8Nxx.a(syscon_8Nxx.o)
                0x00003a50                Chip_SysCon_Peripheral_AssertReset
 .text.Chip_SysCon_Peripheral_DeassertReset
                0x00003a7c       0x2c C:\Users\kille\Desktop\Senior Project\SeniorProject\Hardware\lib_chip_8Nxx\Debug\liblib_chip_8Nxx.a(syscon_8Nxx.o)
                0x00003a7c                Chip_SysCon_Peripheral_DeassertReset
 .text.Chip_SysCon_Peripheral_EnablePower
                0x00003aa8       0x34 C:\Users\kille\Desktop\Senior Project\SeniorProject\Hardware\lib_chip_8Nxx\Debug\liblib_chip_8Nxx.a(syscon_8Nxx.o)
                0x00003aa8                Chip_SysCon_Peripheral_EnablePower
 .text.Chip_SysCon_Peripheral_DisablePower
                0x00003adc       0x34 C:\Users\kille\Desktop\Senior Project\SeniorProject\Hardware\lib_chip_8Nxx\Debug\liblib_chip_8Nxx.a(syscon_8Nxx.o)
                0x00003adc                Chip_SysCon_Peripheral_DisablePower
 .text.Chip_SysCon_StartLogic_SetEnabledMask
                0x00003b10       0x28 C:\Users\kille\Desktop\Senior Project\SeniorProject\Hardware\lib_chip_8Nxx\Debug\liblib_chip_8Nxx.a(syscon_8Nxx.o)
                0x00003b10                Chip_SysCon_StartLogic_SetEnabledMask
 .text.Chip_SysCon_StartLogic_ClearStatus
                0x00003b38       0x44 C:\Users\kille\Desktop\Senior Project\SeniorProject\Hardware\lib_chip_8Nxx\Debug\liblib_chip_8Nxx.a(syscon_8Nxx.o)
                0x00003b38                Chip_SysCon_StartLogic_ClearStatus
 .text.Chip_TIMER_Init
                0x00003b7c       0x1c C:\Users\kille\Desktop\Senior Project\SeniorProject\Hardware\lib_chip_8Nxx\Debug\liblib_chip_8Nxx.a(timer_8Nxx.o)
                0x00003b7c                Chip_TIMER_Init
 .text.Chip_TIMER_Reset
                0x00003b98       0x38 C:\Users\kille\Desktop\Senior Project\SeniorProject\Hardware\lib_chip_8Nxx\Debug\liblib_chip_8Nxx.a(timer_8Nxx.o)
                0x00003b98                Chip_TIMER_Reset
 .text.Chip_TIMER_ExtMatchControlSet
                0x00003bd0       0x80 C:\Users\kille\Desktop\Senior Project\SeniorProject\Hardware\lib_chip_8Nxx\Debug\liblib_chip_8Nxx.a(timer_8Nxx.o)
                0x00003bd0                Chip_TIMER_ExtMatchControlSet
 .text.Chip_TIMER_SetMatchOutputMode
                0x00003c50       0x50 C:\Users\kille\Desktop\Senior Project\SeniorProject\Hardware\lib_chip_8Nxx\Debug\liblib_chip_8Nxx.a(timer_8Nxx.o)
                0x00003c50                Chip_TIMER_SetMatchOutputMode
 .text.Chip_TSen_Init
                0x00003ca0       0x58 C:\Users\kille\Desktop\Senior Project\SeniorProject\Hardware\lib_chip_8Nxx\Debug\liblib_chip_8Nxx.a(tsen_8Nxx.o)
                0x00003ca0                Chip_TSen_Init
 .text.Chip_TSen_DeInit
                0x00003cf8       0x28 C:\Users\kille\Desktop\Senior Project\SeniorProject\Hardware\lib_chip_8Nxx\Debug\liblib_chip_8Nxx.a(tsen_8Nxx.o)
                0x00003cf8                Chip_TSen_DeInit
 .text.Chip_TSen_SetResolution
                0x00003d20       0x30 C:\Users\kille\Desktop\Senior Project\SeniorProject\Hardware\lib_chip_8Nxx\Debug\liblib_chip_8Nxx.a(tsen_8Nxx.o)
                0x00003d20                Chip_TSen_SetResolution
 .text.Chip_TSen_GetResolution
                0x00003d50       0x20 C:\Users\kille\Desktop\Senior Project\SeniorProject\Hardware\lib_chip_8Nxx\Debug\liblib_chip_8Nxx.a(tsen_8Nxx.o)
                0x00003d50                Chip_TSen_GetResolution
 .text.Chip_TSen_Start
                0x00003d70       0x1c C:\Users\kille\Desktop\Senior Project\SeniorProject\Hardware\lib_chip_8Nxx\Debug\liblib_chip_8Nxx.a(tsen_8Nxx.o)
                0x00003d70                Chip_TSen_Start
 .text.Chip_TSen_ReadStatus
                0x00003d8c       0x58 C:\Users\kille\Desktop\Senior Project\SeniorProject\Hardware\lib_chip_8Nxx\Debug\liblib_chip_8Nxx.a(tsen_8Nxx.o)
                0x00003d8c                Chip_TSen_ReadStatus
 .text.Chip_TSen_GetValue
                0x00003de4       0x18 C:\Users\kille\Desktop\Senior Project\SeniorProject\Hardware\lib_chip_8Nxx\Debug\liblib_chip_8Nxx.a(tsen_8Nxx.o)
                0x00003de4                Chip_TSen_GetValue
 .text.Chip_TSen_NativeToFahrenheit
                0x00003dfc      0x194 C:\Users\kille\Desktop\Senior Project\SeniorProject\Hardware\lib_chip_8Nxx\Debug\liblib_chip_8Nxx.a(tsen_8Nxx.o)
                0x00003dfc                Chip_TSen_NativeToFahrenheit
 .text.Chip_TSen_Int_SetThresholdLow
                0x00003f90       0x1c C:\Users\kille\Desktop\Senior Project\SeniorProject\Hardware\lib_chip_8Nxx\Debug\liblib_chip_8Nxx.a(tsen_8Nxx.o)
                0x00003f90                Chip_TSen_Int_SetThresholdLow
 .text.Chip_TSen_Int_SetThresholdHigh
                0x00003fac       0x1c C:\Users\kille\Desktop\Senior Project\SeniorProject\Hardware\lib_chip_8Nxx\Debug\liblib_chip_8Nxx.a(tsen_8Nxx.o)
                0x00003fac                Chip_TSen_Int_SetThresholdHigh
 .text.Chip_TSen_Int_SetEnabledMask
                0x00003fc8       0x24 C:\Users\kille\Desktop\Senior Project\SeniorProject\Hardware\lib_chip_8Nxx\Debug\liblib_chip_8Nxx.a(tsen_8Nxx.o)
                0x00003fc8                Chip_TSen_Int_SetEnabledMask
 .text.defaultIntHandler
                0x00003fec        0x8 C:\Users\kille\Desktop\Senior Project\SeniorProject\Hardware\lib_chip_8Nxx\Debug\liblib_chip_8Nxx.a(mcux_startup.o)
                0x00003fec                I2C0_IRQHandler
                0x00003fec                PMUBOD_IRQHandler
                0x00003fec                HardFault_Handler
                0x00003fec                SysTick_Handler
                0x00003fec                PendSV_Handler
                0x00003fec                NMI_Handler
                0x00003fec                CT16B0_IRQHandler
                0x00003fec                PIO0_8_IRQHandler
                0x00003fec                PIO0_4_IRQHandler
                0x00003fec                SSP0_IRQHandler
                0x00003fec                PMUFLD_IRQHandler
                0x00003fec                PIO0_6_IRQHandler
                0x00003fec                PIO0_5_IRQHandler
                0x00003fec                PIO0_1_IRQHandler
                0x00003fec                PIO0_IRQHandler
                0x00003fec                ADC_IRQHandler
                0x00003fec                PIO0_3_IRQHandler
                0x00003fec                WDT_IRQHandler
                0x00003fec                SVC_Handler
                0x00003fec                PIO0_10_IRQHandler
                0x00003fec                PIO0_7_IRQHandler
                0x00003fec                PIO0_0_IRQHandler
                0x00003fec                PIO0_2_IRQHandler
                0x00003fec                EEPROM_IRQHandler
                0x00003fec                RTCPWREQ_IRQHandler
                0x00003fec                RFFIELD_IRQHandler
                0x00003fec                C2D_IRQHandler
                0x00003fec                FLASH_IRQHandler
                0x00003fec                I2D_IRQHandler
                0x00003fec                PIO0_9_IRQHandler
 .text.Chip_BusSync_WaitSync
                0x00003ff4       0x40 C:\Users\kille\Desktop\Senior Project\SeniorProject\Hardware\lib_chip_8Nxx\Debug\liblib_chip_8Nxx.a(bussync_8Nxx.o)
 .text.Chip_BusSync_WriteReg
                0x00004034       0x38 C:\Users\kille\Desktop\Senior Project\SeniorProject\Hardware\lib_chip_8Nxx\Debug\liblib_chip_8Nxx.a(bussync_8Nxx.o)
                0x00004034                Chip_BusSync_WriteReg
 .text.Chip_BusSync_ReadReg
                0x0000406c       0x4c C:\Users\kille\Desktop\Senior Project\SeniorProject\Hardware\lib_chip_8Nxx\Debug\liblib_chip_8Nxx.a(bussync_8Nxx.o)
                0x0000406c                Chip_BusSync_ReadReg
 .text.__main   0x000040b8        0xc c:/nxp/mcuxpressoide_10.0.2_411/ide/tools/bin/../lib/gcc/arm-none-eabi/5.4.1/../../../../arm-none-eabi/lib/armv6-m\libcr_semihost.a(_cr__main.o)
                0x000040b8                __CR_SEMIHOST
                0x000040b8                __main
 .text.memcpy   0x000040c4        0x8 c:/nxp/mcuxpressoide_10.0.2_411/ide/tools/bin/../lib/gcc/arm-none-eabi/5.4.1/../../../../arm-none-eabi/lib/armv6-m\libcr_c.a(memcpy.o)
                0x000040c4                memcpy
 .text.memmove  0x000040cc        0x8 c:/nxp/mcuxpressoide_10.0.2_411/ide/tools/bin/../lib/gcc/arm-none-eabi/5.4.1/../../../../arm-none-eabi/lib/armv6-m\libcr_c.a(memmove.o)
                0x000040cc                memmove
 .text._initio  0x000040d4       0x7c c:/nxp/mcuxpressoide_10.0.2_411/ide/tools/bin/../lib/gcc/arm-none-eabi/5.4.1/../../../../arm-none-eabi/lib/armv6-m\libcr_c.a(initio.o)
                0x000040d4                _initio
 .text.setvbuf  0x00004150       0x4c c:/nxp/mcuxpressoide_10.0.2_411/ide/tools/bin/../lib/gcc/arm-none-eabi/5.4.1/../../../../arm-none-eabi/lib/armv6-m\libcr_c.a(setvbuf.o)
                0x00004150                setvbuf
 .text.strcat   0x0000419c       0x1a c:/nxp/mcuxpressoide_10.0.2_411/ide/tools/bin/../lib/gcc/arm-none-eabi/5.4.1/../../../../arm-none-eabi/lib/armv6-m\libcr_c.a(strcat.o)
                0x0000419c                strcat
 *fill*         0x000041b6        0x2 ff
 .text.strcpy   0x000041b8       0x44 c:/nxp/mcuxpressoide_10.0.2_411/ide/tools/bin/../lib/gcc/arm-none-eabi/5.4.1/../../../../arm-none-eabi/lib/armv6-m\libcr_c.a(strcpy.o)
                0x000041b8                strcpy
 .text.strlen   0x000041fc       0x54 c:/nxp/mcuxpressoide_10.0.2_411/ide/tools/bin/../lib/gcc/arm-none-eabi/5.4.1/../../../../arm-none-eabi/lib/armv6-m\libcr_c.a(strlen.o)
                0x000041fc                strlen
 .text.strncmp  0x00004250       0x54 c:/nxp/mcuxpressoide_10.0.2_411/ide/tools/bin/../lib/gcc/arm-none-eabi/5.4.1/../../../../arm-none-eabi/lib/armv6-m\libcr_c.a(strncmp.o)
                0x00004250                strncmp
 .text.strncpy  0x000042a4       0x58 c:/nxp/mcuxpressoide_10.0.2_411/ide/tools/bin/../lib/gcc/arm-none-eabi/5.4.1/../../../../arm-none-eabi/lib/armv6-m\libcr_c.a(strncpy.o)
                0x000042a4                strncpy
 .text._fdopen  0x000042fc       0x74 c:/nxp/mcuxpressoide_10.0.2_411/ide/tools/bin/../lib/gcc/arm-none-eabi/5.4.1/../../../../arm-none-eabi/lib/armv6-m\libcr_c.a(_fdopen.o)
                0x000042fc                _fdopen
 .text.fclose   0x00004370       0x5c c:/nxp/mcuxpressoide_10.0.2_411/ide/tools/bin/../lib/gcc/arm-none-eabi/5.4.1/../../../../arm-none-eabi/lib/armv6-m\libcr_c.a(fclose.o)
                0x00004370                fclose
 .text.fflush   0x000043cc       0x44 c:/nxp/mcuxpressoide_10.0.2_411/ide/tools/bin/../lib/gcc/arm-none-eabi/5.4.1/../../../../arm-none-eabi/lib/armv6-m\libcr_c.a(fflush.o)
                0x000043cc                fflush
 .text.fseek    0x00004410       0xf0 c:/nxp/mcuxpressoide_10.0.2_411/ide/tools/bin/../lib/gcc/arm-none-eabi/5.4.1/../../../../arm-none-eabi/lib/armv6-m\libcr_c.a(fseek.o)
                0x00004410                fseek
 .text.ftell    0x00004500       0x48 c:/nxp/mcuxpressoide_10.0.2_411/ide/tools/bin/../lib/gcc/arm-none-eabi/5.4.1/../../../../arm-none-eabi/lib/armv6-m\libcr_c.a(ftell.o)
                0x00004500                ftell
 .text.remove   0x00004548       0x12 c:/nxp/mcuxpressoide_10.0.2_411/ide/tools/bin/../lib/gcc/arm-none-eabi/5.4.1/../../../../arm-none-eabi/lib/armv6-m\libcr_c.a(remove.o)
                0x00004548                remove
 .text.memset   0x0000455a        0x8 c:/nxp/mcuxpressoide_10.0.2_411/ide/tools/bin/../lib/gcc/arm-none-eabi/5.4.1/../../../../arm-none-eabi/lib/armv6-m\libcr_c.a(memset.o)
                0x0000455a                memset
 *fill*         0x00004562        0x2 ff
 .text._do_fflush
                0x00004564       0x48 c:/nxp/mcuxpressoide_10.0.2_411/ide/tools/bin/../lib/gcc/arm-none-eabi/5.4.1/../../../../arm-none-eabi/lib/armv6-m\libcr_c.a(_do_fflush.o)
                0x00004564                _do_fflush
 .text._fflush  0x000045ac       0x60 c:/nxp/mcuxpressoide_10.0.2_411/ide/tools/bin/../lib/gcc/arm-none-eabi/5.4.1/../../../../arm-none-eabi/lib/armv6-m\libcr_c.a(_fflush.o)
                0x000045ac                _fflush
 .text._Cwritebuf
                0x0000460c       0x6c c:/nxp/mcuxpressoide_10.0.2_411/ide/tools/bin/../lib/gcc/arm-none-eabi/5.4.1/../../../../arm-none-eabi/lib/armv6-m\libcr_c.a(_writebuf.o)
                0x0000460c                _Cwritebuf
 .text.free     0x00004678       0x2e c:/nxp/mcuxpressoide_10.0.2_411/ide/tools/bin/../lib/gcc/arm-none-eabi/5.4.1/../../../../arm-none-eabi/lib/armv6-m\libcr_c.a(alloc.o)
                0x00004678                free
 *fill*         0x000046a6        0x2 ff
 .text._deferredlazyseek
                0x000046a8       0x40 c:/nxp/mcuxpressoide_10.0.2_411/ide/tools/bin/../lib/gcc/arm-none-eabi/5.4.1/../../../../arm-none-eabi/lib/armv6-m\libcr_c.a(_deferredlazyseek.o)
                0x000046a8                _deferredlazyseek
 .text.__aeabi_division_idivmod
                0x000046e8       0x78 c:/nxp/mcuxpressoide_10.0.2_411/ide/tools/bin/../lib/gcc/arm-none-eabi/5.4.1/armv6-m\libcr_eabihelpers.a(division_32.o)
                0x000046e8                __aeabi_idivmod
                0x000046e8                __aeabi_idiv
                0x000046ee                __aeabi_uidivmod
                0x000046ee                __aeabi_uidiv
 .text.__aeabi_division_idiv0
                0x00004760        0x2 c:/nxp/mcuxpressoide_10.0.2_411/ide/tools/bin/../lib/gcc/arm-none-eabi/5.4.1/armv6-m\libcr_eabihelpers.a(division_idiv0.o)
                0x00004760                __aeabi_idiv0
 .text.__aeabi_memcpy
                0x00004762       0x2c c:/nxp/mcuxpressoide_10.0.2_411/ide/tools/bin/../lib/gcc/arm-none-eabi/5.4.1/armv6-m\libcr_eabihelpers.a(memcpy.o)
                0x00004762                __aeabi_memcpy4
                0x00004762                __aeabi_memcpy8
                0x00004762                __aeabi_memcpy
 .text.__aeabi_memmove
                0x0000478e       0x1c c:/nxp/mcuxpressoide_10.0.2_411/ide/tools/bin/../lib/gcc/arm-none-eabi/5.4.1/armv6-m\libcr_eabihelpers.a(memcpy.o)
                0x0000478e                __aeabi_memmove
                0x0000478e                __aeabi_memmove4
                0x0000478e                __aeabi_memmove8
 .text.__aeabi_memset_lowlevel
                0x000047aa       0x2a c:/nxp/mcuxpressoide_10.0.2_411/ide/tools/bin/../lib/gcc/arm-none-eabi/5.4.1/armv6-m\libcr_eabihelpers.a(memcpy.o)
                0x000047aa                __aeabi_lowlevel_memset
 .text.__sys_close
                0x000047d4        0xc c:/nxp/mcuxpressoide_10.0.2_411/ide/tools/bin/../lib/gcc/arm-none-eabi/5.4.1/../../../../arm-none-eabi/lib/armv6-m\libcr_semihost.a(__sys_close.o)
                0x000047d4                __sys_close
 .text.__sys_flen
                0x000047e0        0xc c:/nxp/mcuxpressoide_10.0.2_411/ide/tools/bin/../lib/gcc/arm-none-eabi/5.4.1/../../../../arm-none-eabi/lib/armv6-m\libcr_semihost.a(__sys_flen.o)
                0x000047e0                __sys_flen
 .text.__sys_istty
                0x000047ec        0xc c:/nxp/mcuxpressoide_10.0.2_411/ide/tools/bin/../lib/gcc/arm-none-eabi/5.4.1/../../../../arm-none-eabi/lib/armv6-m\libcr_semihost.a(__sys_istty.o)
                0x000047ec                __sys_istty
 .text.__sys_remove
                0x000047f8        0xc c:/nxp/mcuxpressoide_10.0.2_411/ide/tools/bin/../lib/gcc/arm-none-eabi/5.4.1/../../../../arm-none-eabi/lib/armv6-m\libcr_semihost.a(__sys_remove.o)
                0x000047f8                __sys_remove
 .text.__sys_seek
                0x00004804        0xc c:/nxp/mcuxpressoide_10.0.2_411/ide/tools/bin/../lib/gcc/arm-none-eabi/5.4.1/../../../../arm-none-eabi/lib/armv6-m\libcr_semihost.a(__sys_seek.o)
                0x00004804                __sys_seek
 .text.__sys_tmpnam
                0x00004810        0xc c:/nxp/mcuxpressoide_10.0.2_411/ide/tools/bin/../lib/gcc/arm-none-eabi/5.4.1/../../../../arm-none-eabi/lib/armv6-m\libcr_semihost.a(__sys_tmpnam.o)
                0x00004810                __sys_tmpnam
 .text.__sys_write
                0x0000481c        0xc c:/nxp/mcuxpressoide_10.0.2_411/ide/tools/bin/../lib/gcc/arm-none-eabi/5.4.1/../../../../arm-none-eabi/lib/armv6-m\libcr_semihost.a(__sys_write.o)
                0x0000481c                __sys_write
 *(.rodata .rodata.* .constdata .constdata.*)
 .rodata.asciiFont55
                0x00004828      0x240 ./src/main.o
                0x00004828                asciiFont55
 .rodata.asciiFont57
                0x00004a68      0x240 ./src/main.o
                0x00004a68                asciiFont57
 .rodata.initLedPattern
                0x00004ca8       0x3c ./src/main.o
                0x00004ca8                initLedPattern
 .rodata.notes  0x00004ce4       0x48 ./src/main.o
                0x00004ce4                notes
 .rodata        0x00004d2c       0x5e ./src/main.o
 *fill*         0x00004d8a        0x2 ff
 .rodata.defaultBytes
                0x00004d8c        0xc ./mods/ndeft2t/ndeft2t.o
 .rodata.str1.1
                0x00004d98        0x4 c:/nxp/mcuxpressoide_10.0.2_411/ide/tools/bin/../lib/gcc/arm-none-eabi/5.4.1/../../../../arm-none-eabi/lib/armv6-m\libcr_c.a(initio.o)
 .rodata.__num_Ciob_streams
                0x00004d9c        0x4 c:/nxp/mcuxpressoide_10.0.2_411/ide/tools/bin/../lib/gcc/arm-none-eabi/5.4.1/../../../../arm-none-eabi/lib/armv6-m\libcr_semihost.a(__ciob.o)
                0x00004d9c                __num_Ciob_streams
                0x00004da0                . = ALIGN (0x4)

.glue_7         0x00004da0        0x0
 .glue_7        0x00004da0        0x0 linker stubs

.glue_7t        0x00004da0        0x0
 .glue_7t       0x00004da0        0x0 linker stubs

.vfp11_veneer   0x00004da0        0x0
 .vfp11_veneer  0x00004da0        0x0 linker stubs

.v4_bx          0x00004da0        0x0
 .v4_bx         0x00004da0        0x0 linker stubs

.iplt           0x00004da0        0x0
 .iplt          0x00004da0        0x0 ./src/crp.o

.rel.dyn        0x00004da0        0x0
 .rel.iplt      0x00004da0        0x0 ./src/crp.o

.ARM.extab
 *(.ARM.extab* .gnu.linkonce.armextab.*)
                0x00004da0                __exidx_start = .

.ARM.exidx
 *(.ARM.exidx* .gnu.linkonce.armexidx.*)
                0x00004da0                __exidx_end = .
                0x00004da0                _etext = .

.uninit_RESERVED
                0x10000000        0x0
 *(.bss.$RESERVED*)
                0x10000000                . = ALIGN (0x4)
                0x10000000                _end_uninit_RESERVED = .

.data           0x10000000       0x34 load address 0x00004da0
 FILL mask 0xff
                0x10000000                _data = .
 *(vtable)
 *(.ramfunc*)
 *(.data*)
 .data.g_tempText
                0x10000000       0x14 ./src/main.o
                0x10000000                g_tempText
 .data.rowMap   0x10000014        0x7 ./src/main.o
                0x10000014                rowMap
 *fill*         0x1000001b        0x1 ff
 .data.colMap   0x1000001c        0x5 ./src/main.o
                0x1000001c                colMap
 *fill*         0x10000021        0x3 ff
 .data.eeTagAddr
                0x10000024        0xa ./src/main.o
                0x10000024                eeTagAddr
 *fill*         0x1000002e        0x2 ff
 .data.EEPROM_lastWrittenRow
                0x10000030        0x4 C:\Users\kille\Desktop\Senior Project\SeniorProject\Hardware\lib_chip_8Nxx\Debug\liblib_chip_8Nxx.a(eeprom_8Nxx.o)
                0x10000034                . = ALIGN (0x4)
                0x10000034                _edata = .

.igot.plt       0x10000034        0x0 load address 0x00004dd4
 .igot.plt      0x10000034        0x0 ./src/crp.o

.bss            0x10000034     0x13d8 load address 0x00004dd4
                0x10000034                _bss = .
 *(.bss*)
 .bss.sTargetWritten
                0x10000034        0x1 ./src/main.o
 .bss.nfcOn     0x10000035        0x1 ./src/main.o
 .bss.displayInProgress
                0x10000036        0x1 ./src/main.o
 .bss.updateNFC
                0x10000037        0x1 ./src/main.o
 .bss.musicInProgress
                0x10000038        0x1 ./src/main.o
 .bss.musicDataValid
                0x10000039        0x1 ./src/main.o
 *fill*         0x1000003a        0x2 
 .bss.g_displayText
                0x1000003c       0x82 ./src/main.o
                0x1000003c                g_displayText
 .bss.g_displayTextLen
                0x100000be        0x1 ./src/main.o
                0x100000be                g_displayTextLen
 *fill*         0x100000bf        0x1 
 .bss.g_currentTemp
                0x100000c0        0x4 ./src/main.o
                0x100000c0                g_currentTemp
 .bss.g_updateTemp
                0x100000c4        0x1 ./src/main.o
                0x100000c4                g_updateTemp
 *fill*         0x100000c5        0x3 
 .bss.g_ledPattern
                0x100000c8      0x30c ./src/main.o
                0x100000c8                g_ledPattern
 .bss.dispStep  0x100003d4        0x1 ./src/main.o
                0x100003d4                dispStep
 .bss.scanCount
                0x100003d5        0x1 ./src/main.o
                0x100003d5                scanCount
 *fill*         0x100003d6        0x2 
 .bss.startPatternIndex
                0x100003d8        0x4 ./src/main.o
                0x100003d8                startPatternIndex
 .bss.desiredSpeed
                0x100003dc        0x1 ./src/main.o
                0x100003dc                desiredSpeed
 *fill*         0x100003dd        0x3 
 .bss.sizeLEDPattern
                0x100003e0        0x4 ./src/main.o
                0x100003e0                sizeLEDPattern
 .bss.switchDebounceCnt
                0x100003e4        0x1 ./src/main.o
                0x100003e4                switchDebounceCnt
 .bss.switchPressed
                0x100003e5        0x1 ./src/main.o
                0x100003e5                switchPressed
 .bss.changeFont
                0x100003e6        0x1 ./src/main.o
                0x100003e6                changeFont
 *fill*         0x100003e7        0x1 
 .bss.activeFont
                0x100003e8        0x4 ./src/main.o
                0x100003e8                activeFont
 .bss.tempo     0x100003ec        0x2 ./src/main.o
                0x100003ec                tempo
 .bss.songLength
                0x100003ee        0x1 ./src/main.o
                0x100003ee                songLength
 *fill*         0x100003ef        0x1 
 .bss.song      0x100003f0       0xc8 ./src/main.o
                0x100003f0                song
 .bss.beats     0x100004b8       0xc8 ./src/main.o
                0x100004b8                beats
 .bss.musicTones
                0x10000580      0xc80 ./src/main.o
                0x10000580                musicTones
 .bss.currMusicIndex
                0x10001200        0x2 ./src/main.o
                0x10001200                currMusicIndex
 .bss.musicSize
                0x10001202        0x2 ./src/main.o
                0x10001202                musicSize
 .bss.hostTimeout
                0x10001204        0x2 ./src/main.o
                0x10001204                hostTimeout
 .bss.hostTicks
                0x10001206        0x2 ./src/main.o
                0x10001206                hostTicks
 .bss.sMeasurementTimeoutInterruptFired
                0x10001208        0x1 ./src/timer.o
 .bss.sMeasurementInProgress
                0x10001209        0x1 ./mods/tmeas/tmeas.o
 .bss.sFormat   0x1000120a        0x1 ./mods/tmeas/tmeas.o
 *fill*         0x1000120b        0x1 
 .bss.sContext  0x1000120c        0x4 ./mods/tmeas/tmeas.o
 .bss.sTermTlvOffset
                0x10001210        0x4 ./mods/ndeft2t/ndeft2t.o
 .bss.sTermTlvPage
                0x10001214        0x4 ./mods/ndeft2t/ndeft2t.o
 .bss.EEPROM_flushing
                0x10001218        0x1 C:\Users\kille\Desktop\Senior Project\SeniorProject\Hardware\lib_chip_8Nxx\Debug\liblib_chip_8Nxx.a(eeprom_8Nxx.o)
 *fill*         0x10001219        0x3 
 .bss.stickyMEM_WRITE
                0x1000121c        0x4 C:\Users\kille\Desktop\Senior Project\SeniorProject\Hardware\lib_chip_8Nxx\Debug\liblib_chip_8Nxx.a(nfc_8Nxx.o)
 .bss.Chip_PMU_AccessCounter
                0x10001220        0x4 C:\Users\kille\Desktop\Senior Project\SeniorProject\Hardware\lib_chip_8Nxx\Debug\liblib_chip_8Nxx.a(pmu_8Nxx.o)
 .bss.Chip_RTC_AccessCounter
                0x10001224        0x4 C:\Users\kille\Desktop\Senior Project\SeniorProject\Hardware\lib_chip_8Nxx\Debug\liblib_chip_8Nxx.a(rtc_8Nxx.o)
 .bss.errno     0x10001228        0x4 c:/nxp/mcuxpressoide_10.0.2_411/ide/tools/bin/../lib/gcc/arm-none-eabi/5.4.1/../../../../arm-none-eabi/lib/armv6-m\libcr_c.a(errno.o)
                0x10001228                errno
 .bss.__Ciob    0x1000122c      0x1e0 c:/nxp/mcuxpressoide_10.0.2_411/ide/tools/bin/../lib/gcc/arm-none-eabi/5.4.1/../../../../arm-none-eabi/lib/armv6-m\libcr_semihost.a(__ciob.o)
                0x1000122c                __Ciob
 *(COMMON)
                0x1000140c                . = ALIGN (0x4)
                0x1000140c                _ebss = .
                [!provide]                PROVIDE (end, .)

.noinit         0x1000140c      0x21c load address 0x00004dd4
                0x1000140c                _noinit = .
 *(.noinit*)
 .noinit        0x1000140c      0x21c ./src/main.o
                0x10001628                . = ALIGN (0x4)
                0x10001628                _end_noinit = .
                0x10001628                PROVIDE (_pvHeapStart, DEFINED (__user_heap_base)?__user_heap_base:.)
                0x10002000                PROVIDE (_vStackTop, DEFINED (__user_stack_top)?__user_stack_top:(__top_RamLoc8 - 0x0))
                [!provide]                PROVIDE (__valid_user_code_checksum, (0x0 - ((((((_vStackTop + (ResetISR + 0x1)) + (NMI_Handler + 0x1)) + (HardFault_Handler + 0x1)) + (DEFINED (MemManage_Handler)?MemManage_Handler:0x0 + 0x1)) + (DEFINED (BusFault_Handler)?BusFault_Handler:0x0 + 0x1)) + (DEFINED (UsageFault_Handler)?UsageFault_Handler:0x0 + 0x1))))
OUTPUT(app_demo.axf elf32-littlearm)

.debug_info     0x00000000     0x704f
 .debug_info    0x00000000       0x3f ./src/crp.o
 .debug_info    0x0000003f     0x1866 ./src/main.o
 .debug_info    0x000018a5      0x4fa ./src/timer.o
 .debug_info    0x00001d9f      0x59c ./mods/tmeas/tmeas.o
 .debug_info    0x0000233b      0xd96 ./mods/ndeft2t/ndeft2t.o
 .debug_info    0x000030d1      0x1e8 C:\Users\kille\Desktop\Senior Project\SeniorProject\Hardware\lib_board_dp\Debug\liblib_board_dp.a(board.o)
 .debug_info    0x000032b9      0x6f0 C:\Users\kille\Desktop\Senior Project\SeniorProject\Hardware\lib_chip_8Nxx\Debug\liblib_chip_8Nxx.a(clock_8Nxx.o)
 .debug_info    0x000039a9      0x582 C:\Users\kille\Desktop\Senior Project\SeniorProject\Hardware\lib_chip_8Nxx\Debug\liblib_chip_8Nxx.a(eeprom_8Nxx.o)
 .debug_info    0x00003f2b      0x2de C:\Users\kille\Desktop\Senior Project\SeniorProject\Hardware\lib_chip_8Nxx\Debug\liblib_chip_8Nxx.a(flash_8Nxx.o)
 .debug_info    0x00004209      0x60b C:\Users\kille\Desktop\Senior Project\SeniorProject\Hardware\lib_chip_8Nxx\Debug\liblib_chip_8Nxx.a(gpio_8Nxx.o)
 .debug_info    0x00004814      0x482 C:\Users\kille\Desktop\Senior Project\SeniorProject\Hardware\lib_chip_8Nxx\Debug\liblib_chip_8Nxx.a(iocon_8Nxx.o)
 .debug_info    0x00004c96      0x4b1 C:\Users\kille\Desktop\Senior Project\SeniorProject\Hardware\lib_chip_8Nxx\Debug\liblib_chip_8Nxx.a(nfc_8Nxx.o)
 .debug_info    0x00005147      0x61a C:\Users\kille\Desktop\Senior Project\SeniorProject\Hardware\lib_chip_8Nxx\Debug\liblib_chip_8Nxx.a(pmu_8Nxx.o)
 .debug_info    0x00005761      0x500 C:\Users\kille\Desktop\Senior Project\SeniorProject\Hardware\lib_chip_8Nxx\Debug\liblib_chip_8Nxx.a(rtc_8Nxx.o)
 .debug_info    0x00005c61      0x628 C:\Users\kille\Desktop\Senior Project\SeniorProject\Hardware\lib_chip_8Nxx\Debug\liblib_chip_8Nxx.a(syscon_8Nxx.o)
 .debug_info    0x00006289      0x3e2 C:\Users\kille\Desktop\Senior Project\SeniorProject\Hardware\lib_chip_8Nxx\Debug\liblib_chip_8Nxx.a(timer_8Nxx.o)
 .debug_info    0x0000666b      0x6ac C:\Users\kille\Desktop\Senior Project\SeniorProject\Hardware\lib_chip_8Nxx\Debug\liblib_chip_8Nxx.a(tsen_8Nxx.o)
 .debug_info    0x00006d17      0x1b9 C:\Users\kille\Desktop\Senior Project\SeniorProject\Hardware\lib_chip_8Nxx\Debug\liblib_chip_8Nxx.a(mcux_startup.o)
 .debug_info    0x00006ed0      0x17f C:\Users\kille\Desktop\Senior Project\SeniorProject\Hardware\lib_chip_8Nxx\Debug\liblib_chip_8Nxx.a(bussync_8Nxx.o)

.debug_abbrev   0x00000000     0x1b19
 .debug_abbrev  0x00000000       0x36 ./src/crp.o
 .debug_abbrev  0x00000036      0x31d ./src/main.o
 .debug_abbrev  0x00000353      0x19a ./src/timer.o
 .debug_abbrev  0x000004ed      0x1bf ./mods/tmeas/tmeas.o
 .debug_abbrev  0x000006ac      0x2f5 ./mods/ndeft2t/ndeft2t.o
 .debug_abbrev  0x000009a1       0xd5 C:\Users\kille\Desktop\Senior Project\SeniorProject\Hardware\lib_board_dp\Debug\liblib_board_dp.a(board.o)
 .debug_abbrev  0x00000a76      0x1db C:\Users\kille\Desktop\Senior Project\SeniorProject\Hardware\lib_chip_8Nxx\Debug\liblib_chip_8Nxx.a(clock_8Nxx.o)
 .debug_abbrev  0x00000c51      0x152 C:\Users\kille\Desktop\Senior Project\SeniorProject\Hardware\lib_chip_8Nxx\Debug\liblib_chip_8Nxx.a(eeprom_8Nxx.o)
 .debug_abbrev  0x00000da3       0xfe C:\Users\kille\Desktop\Senior Project\SeniorProject\Hardware\lib_chip_8Nxx\Debug\liblib_chip_8Nxx.a(flash_8Nxx.o)
 .debug_abbrev  0x00000ea1      0x169 C:\Users\kille\Desktop\Senior Project\SeniorProject\Hardware\lib_chip_8Nxx\Debug\liblib_chip_8Nxx.a(gpio_8Nxx.o)
 .debug_abbrev  0x0000100a      0x13b C:\Users\kille\Desktop\Senior Project\SeniorProject\Hardware\lib_chip_8Nxx\Debug\liblib_chip_8Nxx.a(iocon_8Nxx.o)
 .debug_abbrev  0x00001145      0x15b C:\Users\kille\Desktop\Senior Project\SeniorProject\Hardware\lib_chip_8Nxx\Debug\liblib_chip_8Nxx.a(nfc_8Nxx.o)
 .debug_abbrev  0x000012a0      0x1c5 C:\Users\kille\Desktop\Senior Project\SeniorProject\Hardware\lib_chip_8Nxx\Debug\liblib_chip_8Nxx.a(pmu_8Nxx.o)
 .debug_abbrev  0x00001465      0x110 C:\Users\kille\Desktop\Senior Project\SeniorProject\Hardware\lib_chip_8Nxx\Debug\liblib_chip_8Nxx.a(rtc_8Nxx.o)
 .debug_abbrev  0x00001575      0x130 C:\Users\kille\Desktop\Senior Project\SeniorProject\Hardware\lib_chip_8Nxx\Debug\liblib_chip_8Nxx.a(syscon_8Nxx.o)
 .debug_abbrev  0x000016a5      0x164 C:\Users\kille\Desktop\Senior Project\SeniorProject\Hardware\lib_chip_8Nxx\Debug\liblib_chip_8Nxx.a(timer_8Nxx.o)
 .debug_abbrev  0x00001809      0x15b C:\Users\kille\Desktop\Senior Project\SeniorProject\Hardware\lib_chip_8Nxx\Debug\liblib_chip_8Nxx.a(tsen_8Nxx.o)
 .debug_abbrev  0x00001964       0xfa C:\Users\kille\Desktop\Senior Project\SeniorProject\Hardware\lib_chip_8Nxx\Debug\liblib_chip_8Nxx.a(mcux_startup.o)
 .debug_abbrev  0x00001a5e       0xbb C:\Users\kille\Desktop\Senior Project\SeniorProject\Hardware\lib_chip_8Nxx\Debug\liblib_chip_8Nxx.a(bussync_8Nxx.o)

.debug_aranges  0x00000000      0x8e8
 .debug_aranges
                0x00000000       0x18 ./src/crp.o
 .debug_aranges
                0x00000018      0x130 ./src/main.o
 .debug_aranges
                0x00000148       0x50 ./src/timer.o
 .debug_aranges
                0x00000198       0x40 ./mods/tmeas/tmeas.o
 .debug_aranges
                0x000001d8       0xc0 ./mods/ndeft2t/ndeft2t.o
 .debug_aranges
                0x00000298       0x20 C:\Users\kille\Desktop\Senior Project\SeniorProject\Hardware\lib_board_dp\Debug\liblib_board_dp.a(board.o)
 .debug_aranges
                0x000002b8       0xc0 C:\Users\kille\Desktop\Senior Project\SeniorProject\Hardware\lib_chip_8Nxx\Debug\liblib_chip_8Nxx.a(clock_8Nxx.o)
 .debug_aranges
                0x00000378       0x58 C:\Users\kille\Desktop\Senior Project\SeniorProject\Hardware\lib_chip_8Nxx\Debug\liblib_chip_8Nxx.a(eeprom_8Nxx.o)
 .debug_aranges
                0x000003d0       0x38 C:\Users\kille\Desktop\Senior Project\SeniorProject\Hardware\lib_chip_8Nxx\Debug\liblib_chip_8Nxx.a(flash_8Nxx.o)
 .debug_aranges
                0x00000408       0x90 C:\Users\kille\Desktop\Senior Project\SeniorProject\Hardware\lib_chip_8Nxx\Debug\liblib_chip_8Nxx.a(gpio_8Nxx.o)
 .debug_aranges
                0x00000498       0x58 C:\Users\kille\Desktop\Senior Project\SeniorProject\Hardware\lib_chip_8Nxx\Debug\liblib_chip_8Nxx.a(iocon_8Nxx.o)
 .debug_aranges
                0x000004f0       0x78 C:\Users\kille\Desktop\Senior Project\SeniorProject\Hardware\lib_chip_8Nxx\Debug\liblib_chip_8Nxx.a(nfc_8Nxx.o)
 .debug_aranges
                0x00000568       0xd0 C:\Users\kille\Desktop\Senior Project\SeniorProject\Hardware\lib_chip_8Nxx\Debug\liblib_chip_8Nxx.a(pmu_8Nxx.o)
 .debug_aranges
                0x00000638       0x98 C:\Users\kille\Desktop\Senior Project\SeniorProject\Hardware\lib_chip_8Nxx\Debug\liblib_chip_8Nxx.a(rtc_8Nxx.o)
 .debug_aranges
                0x000006d0       0xa0 C:\Users\kille\Desktop\Senior Project\SeniorProject\Hardware\lib_chip_8Nxx\Debug\liblib_chip_8Nxx.a(syscon_8Nxx.o)
 .debug_aranges
                0x00000770       0x48 C:\Users\kille\Desktop\Senior Project\SeniorProject\Hardware\lib_chip_8Nxx\Debug\liblib_chip_8Nxx.a(timer_8Nxx.o)
 .debug_aranges
                0x000007b8       0xc0 C:\Users\kille\Desktop\Senior Project\SeniorProject\Hardware\lib_chip_8Nxx\Debug\liblib_chip_8Nxx.a(tsen_8Nxx.o)
 .debug_aranges
                0x00000878       0x40 C:\Users\kille\Desktop\Senior Project\SeniorProject\Hardware\lib_chip_8Nxx\Debug\liblib_chip_8Nxx.a(mcux_startup.o)
 .debug_aranges
                0x000008b8       0x30 C:\Users\kille\Desktop\Senior Project\SeniorProject\Hardware\lib_chip_8Nxx\Debug\liblib_chip_8Nxx.a(bussync_8Nxx.o)

.debug_macro    0x00000000     0x3746
 .debug_macro   0x00000000       0x1a ./src/crp.o
 .debug_macro   0x0000001a      0x832 ./src/crp.o
 .debug_macro   0x0000084c       0x34 ./src/crp.o
 .debug_macro   0x00000880      0x1fe ./src/main.o
 .debug_macro   0x00000a7e       0x10 ./src/main.o
 .debug_macro   0x00000a8e      0x12d ./src/main.o
 .debug_macro   0x00000bbb      0x5b2 ./src/main.o
 .debug_macro   0x0000116d       0x22 ./src/main.o
 .debug_macro   0x0000118f       0x10 ./src/main.o
 .debug_macro   0x0000119f       0x10 ./src/main.o
 .debug_macro   0x000011af       0x22 ./src/main.o
 .debug_macro   0x000011d1       0x3a ./src/main.o
 .debug_macro   0x0000120b      0x241 ./src/main.o
 .debug_macro   0x0000144c      0x106 ./src/main.o
 .debug_macro   0x00001552       0xdc ./src/main.o
 .debug_macro   0x0000162e       0x28 ./src/main.o
 .debug_macro   0x00001656       0x3b ./src/main.o
 .debug_macro   0x00001691       0x26 ./src/main.o
 .debug_macro   0x000016b7       0xce ./src/main.o
 .debug_macro   0x00001785       0x10 ./src/main.o
 .debug_macro   0x00001795       0x20 ./src/main.o
 .debug_macro   0x000017b5       0x22 ./src/main.o
 .debug_macro   0x000017d7       0x10 ./src/main.o
 .debug_macro   0x000017e7       0x4c ./src/main.o
 .debug_macro   0x00001833       0x22 ./src/main.o
 .debug_macro   0x00001855       0x2e ./src/main.o
 .debug_macro   0x00001883       0x28 ./src/main.o
 .debug_macro   0x000018ab      0x148 ./src/timer.o
 .debug_macro   0x000019f3       0x16 ./src/timer.o
 .debug_macro   0x00001a09      0x174 ./mods/tmeas/tmeas.o
 .debug_macro   0x00001b7d      0x227 ./mods/ndeft2t/ndeft2t.o
 .debug_macro   0x00001da4      0x170 C:\Users\kille\Desktop\Senior Project\SeniorProject\Hardware\lib_board_dp\Debug\liblib_board_dp.a(board.o)
 .debug_macro   0x00001f14      0x832 C:\Users\kille\Desktop\Senior Project\SeniorProject\Hardware\lib_board_dp\Debug\liblib_board_dp.a(board.o)
 .debug_macro   0x00002746      0x13e C:\Users\kille\Desktop\Senior Project\SeniorProject\Hardware\lib_chip_8Nxx\Debug\liblib_chip_8Nxx.a(clock_8Nxx.o)
 .debug_macro   0x00002884      0x176 C:\Users\kille\Desktop\Senior Project\SeniorProject\Hardware\lib_chip_8Nxx\Debug\liblib_chip_8Nxx.a(eeprom_8Nxx.o)
 .debug_macro   0x000029fa      0x13e C:\Users\kille\Desktop\Senior Project\SeniorProject\Hardware\lib_chip_8Nxx\Debug\liblib_chip_8Nxx.a(flash_8Nxx.o)
 .debug_macro   0x00002b38      0x13e C:\Users\kille\Desktop\Senior Project\SeniorProject\Hardware\lib_chip_8Nxx\Debug\liblib_chip_8Nxx.a(gpio_8Nxx.o)
 .debug_macro   0x00002c76      0x13e C:\Users\kille\Desktop\Senior Project\SeniorProject\Hardware\lib_chip_8Nxx\Debug\liblib_chip_8Nxx.a(iocon_8Nxx.o)
 .debug_macro   0x00002db4      0x164 C:\Users\kille\Desktop\Senior Project\SeniorProject\Hardware\lib_chip_8Nxx\Debug\liblib_chip_8Nxx.a(nfc_8Nxx.o)
 .debug_macro   0x00002f18      0x186 C:\Users\kille\Desktop\Senior Project\SeniorProject\Hardware\lib_chip_8Nxx\Debug\liblib_chip_8Nxx.a(pmu_8Nxx.o)
 .debug_macro   0x0000309e      0x14a C:\Users\kille\Desktop\Senior Project\SeniorProject\Hardware\lib_chip_8Nxx\Debug\liblib_chip_8Nxx.a(rtc_8Nxx.o)
 .debug_macro   0x000031e8      0x150 C:\Users\kille\Desktop\Senior Project\SeniorProject\Hardware\lib_chip_8Nxx\Debug\liblib_chip_8Nxx.a(syscon_8Nxx.o)
 .debug_macro   0x00003338      0x13e C:\Users\kille\Desktop\Senior Project\SeniorProject\Hardware\lib_chip_8Nxx\Debug\liblib_chip_8Nxx.a(timer_8Nxx.o)
 .debug_macro   0x00003476      0x144 C:\Users\kille\Desktop\Senior Project\SeniorProject\Hardware\lib_chip_8Nxx\Debug\liblib_chip_8Nxx.a(tsen_8Nxx.o)
 .debug_macro   0x000035ba       0x38 C:\Users\kille\Desktop\Senior Project\SeniorProject\Hardware\lib_chip_8Nxx\Debug\liblib_chip_8Nxx.a(mcux_startup.o)
 .debug_macro   0x000035f2       0x10 C:\Users\kille\Desktop\Senior Project\SeniorProject\Hardware\lib_chip_8Nxx\Debug\liblib_chip_8Nxx.a(mcux_startup.o)
 .debug_macro   0x00003602      0x144 C:\Users\kille\Desktop\Senior Project\SeniorProject\Hardware\lib_chip_8Nxx\Debug\liblib_chip_8Nxx.a(bussync_8Nxx.o)

.debug_line     0x00000000     0x4da9
 .debug_line    0x00000000       0x75 ./src/crp.o
 .debug_line    0x00000075      0xb18 ./src/main.o
 .debug_line    0x00000b8d      0x38b ./src/timer.o
 .debug_line    0x00000f18      0x3a7 ./mods/tmeas/tmeas.o
 .debug_line    0x000012bf      0x7aa ./mods/ndeft2t/ndeft2t.o
 .debug_line    0x00001a69      0x3cc C:\Users\kille\Desktop\Senior Project\SeniorProject\Hardware\lib_board_dp\Debug\liblib_board_dp.a(board.o)
 .debug_line    0x00001e35      0x4a8 C:\Users\kille\Desktop\Senior Project\SeniorProject\Hardware\lib_chip_8Nxx\Debug\liblib_chip_8Nxx.a(clock_8Nxx.o)
 .debug_line    0x000022dd      0x3be C:\Users\kille\Desktop\Senior Project\SeniorProject\Hardware\lib_chip_8Nxx\Debug\liblib_chip_8Nxx.a(eeprom_8Nxx.o)
 .debug_line    0x0000269b      0x30c C:\Users\kille\Desktop\Senior Project\SeniorProject\Hardware\lib_chip_8Nxx\Debug\liblib_chip_8Nxx.a(flash_8Nxx.o)
 .debug_line    0x000029a7      0x3cb C:\Users\kille\Desktop\Senior Project\SeniorProject\Hardware\lib_chip_8Nxx\Debug\liblib_chip_8Nxx.a(gpio_8Nxx.o)
 .debug_line    0x00002d72      0x32e C:\Users\kille\Desktop\Senior Project\SeniorProject\Hardware\lib_chip_8Nxx\Debug\liblib_chip_8Nxx.a(iocon_8Nxx.o)
 .debug_line    0x000030a0      0x3a2 C:\Users\kille\Desktop\Senior Project\SeniorProject\Hardware\lib_chip_8Nxx\Debug\liblib_chip_8Nxx.a(nfc_8Nxx.o)
 .debug_line    0x00003442      0x4ea C:\Users\kille\Desktop\Senior Project\SeniorProject\Hardware\lib_chip_8Nxx\Debug\liblib_chip_8Nxx.a(pmu_8Nxx.o)
 .debug_line    0x0000392c      0x3bd C:\Users\kille\Desktop\Senior Project\SeniorProject\Hardware\lib_chip_8Nxx\Debug\liblib_chip_8Nxx.a(rtc_8Nxx.o)
 .debug_line    0x00003ce9      0x3f2 C:\Users\kille\Desktop\Senior Project\SeniorProject\Hardware\lib_chip_8Nxx\Debug\liblib_chip_8Nxx.a(syscon_8Nxx.o)
 .debug_line    0x000040db      0x319 C:\Users\kille\Desktop\Senior Project\SeniorProject\Hardware\lib_chip_8Nxx\Debug\liblib_chip_8Nxx.a(timer_8Nxx.o)
 .debug_line    0x000043f4      0x4fe C:\Users\kille\Desktop\Senior Project\SeniorProject\Hardware\lib_chip_8Nxx\Debug\liblib_chip_8Nxx.a(tsen_8Nxx.o)
 .debug_line    0x000048f2      0x1ae C:\Users\kille\Desktop\Senior Project\SeniorProject\Hardware\lib_chip_8Nxx\Debug\liblib_chip_8Nxx.a(mcux_startup.o)
 .debug_line    0x00004aa0      0x309 C:\Users\kille\Desktop\Senior Project\SeniorProject\Hardware\lib_chip_8Nxx\Debug\liblib_chip_8Nxx.a(bussync_8Nxx.o)

.debug_str      0x00000000     0xa598
 .debug_str     0x00000000     0x244b ./src/crp.o
                               0x2460 (size before relaxing)
 .debug_str     0x0000244b     0x4eb0 ./src/main.o
                               0x7341 (size before relaxing)
 .debug_str     0x000072fb      0x30b ./src/timer.o
                               0x6126 (size before relaxing)
 .debug_str     0x00007606       0xe9 ./mods/tmeas/tmeas.o
                               0x62d9 (size before relaxing)
 .debug_str     0x000076ef      0x99f ./mods/ndeft2t/ndeft2t.o
                               0x6daf (size before relaxing)
 .debug_str     0x0000808e      0x120 C:\Users\kille\Desktop\Senior Project\SeniorProject\Hardware\lib_board_dp\Debug\liblib_board_dp.a(board.o)
                               0x5ce4 (size before relaxing)
 .debug_str     0x000081ae      0x627 C:\Users\kille\Desktop\Senior Project\SeniorProject\Hardware\lib_chip_8Nxx\Debug\liblib_chip_8Nxx.a(clock_8Nxx.o)
                               0x626f (size before relaxing)
 .debug_str     0x000087d5      0x374 C:\Users\kille\Desktop\Senior Project\SeniorProject\Hardware\lib_chip_8Nxx\Debug\liblib_chip_8Nxx.a(eeprom_8Nxx.o)
                               0x61e5 (size before relaxing)
 .debug_str     0x00008b49      0x100 C:\Users\kille\Desktop\Senior Project\SeniorProject\Hardware\lib_chip_8Nxx\Debug\liblib_chip_8Nxx.a(flash_8Nxx.o)
                               0x5d57 (size before relaxing)
 .debug_str     0x00008c49      0x227 C:\Users\kille\Desktop\Senior Project\SeniorProject\Hardware\lib_chip_8Nxx\Debug\liblib_chip_8Nxx.a(gpio_8Nxx.o)
                               0x5f7a (size before relaxing)
 .debug_str     0x00008e70      0x2fc C:\Users\kille\Desktop\Senior Project\SeniorProject\Hardware\lib_chip_8Nxx\Debug\liblib_chip_8Nxx.a(iocon_8Nxx.o)
                               0x6196 (size before relaxing)
 .debug_str     0x0000916c      0x1f9 C:\Users\kille\Desktop\Senior Project\SeniorProject\Hardware\lib_chip_8Nxx\Debug\liblib_chip_8Nxx.a(nfc_8Nxx.o)
                               0x5f4e (size before relaxing)
 .debug_str     0x00009365      0x5f6 C:\Users\kille\Desktop\Senior Project\SeniorProject\Hardware\lib_chip_8Nxx\Debug\liblib_chip_8Nxx.a(pmu_8Nxx.o)
                               0x62cb (size before relaxing)
 .debug_str     0x0000995b      0x29d C:\Users\kille\Desktop\Senior Project\SeniorProject\Hardware\lib_chip_8Nxx\Debug\liblib_chip_8Nxx.a(rtc_8Nxx.o)
                               0x60a3 (size before relaxing)
 .debug_str     0x00009bf8      0x3ce C:\Users\kille\Desktop\Senior Project\SeniorProject\Hardware\lib_chip_8Nxx\Debug\liblib_chip_8Nxx.a(syscon_8Nxx.o)
                               0x63b2 (size before relaxing)
 .debug_str     0x00009fc6       0xf0 C:\Users\kille\Desktop\Senior Project\SeniorProject\Hardware\lib_chip_8Nxx\Debug\liblib_chip_8Nxx.a(timer_8Nxx.o)
                               0x5f1d (size before relaxing)
 .debug_str     0x0000a0b6      0x2bb C:\Users\kille\Desktop\Senior Project\SeniorProject\Hardware\lib_chip_8Nxx\Debug\liblib_chip_8Nxx.a(tsen_8Nxx.o)
                               0x627a (size before relaxing)
 .debug_str     0x0000a371      0x150 C:\Users\kille\Desktop\Senior Project\SeniorProject\Hardware\lib_chip_8Nxx\Debug\liblib_chip_8Nxx.a(mcux_startup.o)
                               0x256b (size before relaxing)
 .debug_str     0x0000a4c1       0xd7 C:\Users\kille\Desktop\Senior Project\SeniorProject\Hardware\lib_chip_8Nxx\Debug\liblib_chip_8Nxx.a(bussync_8Nxx.o)
                               0x5c88 (size before relaxing)

.comment        0x00000000       0x6e
 .comment       0x00000000       0x6e ./src/crp.o
                                 0x6f (size before relaxing)
 .comment       0x0000006e       0x6f ./src/main.o
 .comment       0x0000006e       0x6f ./src/timer.o
 .comment       0x0000006e       0x6f ./mods/tmeas/tmeas.o
 .comment       0x0000006e       0x6f ./mods/ndeft2t/ndeft2t.o
 .comment       0x0000006e       0x6f C:\Users\kille\Desktop\Senior Project\SeniorProject\Hardware\lib_board_dp\Debug\liblib_board_dp.a(board.o)
 .comment       0x0000006e       0x6f C:\Users\kille\Desktop\Senior Project\SeniorProject\Hardware\lib_chip_8Nxx\Debug\liblib_chip_8Nxx.a(clock_8Nxx.o)
 .comment       0x0000006e       0x6f C:\Users\kille\Desktop\Senior Project\SeniorProject\Hardware\lib_chip_8Nxx\Debug\liblib_chip_8Nxx.a(eeprom_8Nxx.o)
 .comment       0x0000006e       0x6f C:\Users\kille\Desktop\Senior Project\SeniorProject\Hardware\lib_chip_8Nxx\Debug\liblib_chip_8Nxx.a(flash_8Nxx.o)
 .comment       0x0000006e       0x6f C:\Users\kille\Desktop\Senior Project\SeniorProject\Hardware\lib_chip_8Nxx\Debug\liblib_chip_8Nxx.a(gpio_8Nxx.o)
 .comment       0x0000006e       0x6f C:\Users\kille\Desktop\Senior Project\SeniorProject\Hardware\lib_chip_8Nxx\Debug\liblib_chip_8Nxx.a(iocon_8Nxx.o)
 .comment       0x0000006e       0x6f C:\Users\kille\Desktop\Senior Project\SeniorProject\Hardware\lib_chip_8Nxx\Debug\liblib_chip_8Nxx.a(nfc_8Nxx.o)
 .comment       0x0000006e       0x6f C:\Users\kille\Desktop\Senior Project\SeniorProject\Hardware\lib_chip_8Nxx\Debug\liblib_chip_8Nxx.a(pmu_8Nxx.o)
 .comment       0x0000006e       0x6f C:\Users\kille\Desktop\Senior Project\SeniorProject\Hardware\lib_chip_8Nxx\Debug\liblib_chip_8Nxx.a(rtc_8Nxx.o)
 .comment       0x0000006e       0x6f C:\Users\kille\Desktop\Senior Project\SeniorProject\Hardware\lib_chip_8Nxx\Debug\liblib_chip_8Nxx.a(syscon_8Nxx.o)
 .comment       0x0000006e       0x6f C:\Users\kille\Desktop\Senior Project\SeniorProject\Hardware\lib_chip_8Nxx\Debug\liblib_chip_8Nxx.a(timer_8Nxx.o)
 .comment       0x0000006e       0x6f C:\Users\kille\Desktop\Senior Project\SeniorProject\Hardware\lib_chip_8Nxx\Debug\liblib_chip_8Nxx.a(tsen_8Nxx.o)
 .comment       0x0000006e       0x6f C:\Users\kille\Desktop\Senior Project\SeniorProject\Hardware\lib_chip_8Nxx\Debug\liblib_chip_8Nxx.a(mcux_startup.o)
 .comment       0x0000006e       0x6f C:\Users\kille\Desktop\Senior Project\SeniorProject\Hardware\lib_chip_8Nxx\Debug\liblib_chip_8Nxx.a(bussync_8Nxx.o)
 .comment       0x0000006e       0x6f c:/nxp/mcuxpressoide_10.0.2_411/ide/tools/bin/../lib/gcc/arm-none-eabi/5.4.1/../../../../arm-none-eabi/lib/armv6-m\libcr_semihost.a(_cr__main.o)
 .comment       0x0000006e       0x6f c:/nxp/mcuxpressoide_10.0.2_411/ide/tools/bin/../lib/gcc/arm-none-eabi/5.4.1/../../../../arm-none-eabi/lib/armv6-m\libcr_c.a(memcpy.o)
 .comment       0x0000006e       0x6f c:/nxp/mcuxpressoide_10.0.2_411/ide/tools/bin/../lib/gcc/arm-none-eabi/5.4.1/../../../../arm-none-eabi/lib/armv6-m\libcr_c.a(memmove.o)
 .comment       0x0000006e       0x6f c:/nxp/mcuxpressoide_10.0.2_411/ide/tools/bin/../lib/gcc/arm-none-eabi/5.4.1/../../../../arm-none-eabi/lib/armv6-m\libcr_c.a(initio.o)
 .comment       0x0000006e       0x6f c:/nxp/mcuxpressoide_10.0.2_411/ide/tools/bin/../lib/gcc/arm-none-eabi/5.4.1/../../../../arm-none-eabi/lib/armv6-m\libcr_c.a(setvbuf.o)
 .comment       0x0000006e       0x6f c:/nxp/mcuxpressoide_10.0.2_411/ide/tools/bin/../lib/gcc/arm-none-eabi/5.4.1/../../../../arm-none-eabi/lib/armv6-m\libcr_c.a(strcat.o)
 .comment       0x0000006e       0x6f c:/nxp/mcuxpressoide_10.0.2_411/ide/tools/bin/../lib/gcc/arm-none-eabi/5.4.1/../../../../arm-none-eabi/lib/armv6-m\libcr_c.a(strcpy.o)
 .comment       0x0000006e       0x6f c:/nxp/mcuxpressoide_10.0.2_411/ide/tools/bin/../lib/gcc/arm-none-eabi/5.4.1/../../../../arm-none-eabi/lib/armv6-m\libcr_c.a(strlen.o)
 .comment       0x0000006e       0x6f c:/nxp/mcuxpressoide_10.0.2_411/ide/tools/bin/../lib/gcc/arm-none-eabi/5.4.1/../../../../arm-none-eabi/lib/armv6-m\libcr_c.a(strncmp.o)
 .comment       0x0000006e       0x6f c:/nxp/mcuxpressoide_10.0.2_411/ide/tools/bin/../lib/gcc/arm-none-eabi/5.4.1/../../../../arm-none-eabi/lib/armv6-m\libcr_c.a(strncpy.o)
 .comment       0x0000006e       0x6f c:/nxp/mcuxpressoide_10.0.2_411/ide/tools/bin/../lib/gcc/arm-none-eabi/5.4.1/../../../../arm-none-eabi/lib/armv6-m\libcr_c.a(_fdopen.o)
 .comment       0x0000006e       0x6f c:/nxp/mcuxpressoide_10.0.2_411/ide/tools/bin/../lib/gcc/arm-none-eabi/5.4.1/../../../../arm-none-eabi/lib/armv6-m\libcr_c.a(fclose.o)
 .comment       0x0000006e       0x6f c:/nxp/mcuxpressoide_10.0.2_411/ide/tools/bin/../lib/gcc/arm-none-eabi/5.4.1/../../../../arm-none-eabi/lib/armv6-m\libcr_c.a(fflush.o)
 .comment       0x0000006e       0x6f c:/nxp/mcuxpressoide_10.0.2_411/ide/tools/bin/../lib/gcc/arm-none-eabi/5.4.1/../../../../arm-none-eabi/lib/armv6-m\libcr_c.a(fseek.o)
 .comment       0x0000006e       0x6f c:/nxp/mcuxpressoide_10.0.2_411/ide/tools/bin/../lib/gcc/arm-none-eabi/5.4.1/../../../../arm-none-eabi/lib/armv6-m\libcr_c.a(ftell.o)
 .comment       0x0000006e       0x6f c:/nxp/mcuxpressoide_10.0.2_411/ide/tools/bin/../lib/gcc/arm-none-eabi/5.4.1/../../../../arm-none-eabi/lib/armv6-m\libcr_c.a(remove.o)
 .comment       0x0000006e       0x6f c:/nxp/mcuxpressoide_10.0.2_411/ide/tools/bin/../lib/gcc/arm-none-eabi/5.4.1/../../../../arm-none-eabi/lib/armv6-m\libcr_c.a(memset.o)
 .comment       0x0000006e       0x6f c:/nxp/mcuxpressoide_10.0.2_411/ide/tools/bin/../lib/gcc/arm-none-eabi/5.4.1/../../../../arm-none-eabi/lib/armv6-m\libcr_c.a(_do_fflush.o)
 .comment       0x0000006e       0x6f c:/nxp/mcuxpressoide_10.0.2_411/ide/tools/bin/../lib/gcc/arm-none-eabi/5.4.1/../../../../arm-none-eabi/lib/armv6-m\libcr_c.a(_fflush.o)
 .comment       0x0000006e       0x6f c:/nxp/mcuxpressoide_10.0.2_411/ide/tools/bin/../lib/gcc/arm-none-eabi/5.4.1/../../../../arm-none-eabi/lib/armv6-m\libcr_c.a(_writebuf.o)
 .comment       0x0000006e       0x6f c:/nxp/mcuxpressoide_10.0.2_411/ide/tools/bin/../lib/gcc/arm-none-eabi/5.4.1/../../../../arm-none-eabi/lib/armv6-m\libcr_c.a(alloc.o)
 .comment       0x0000006e       0x6f c:/nxp/mcuxpressoide_10.0.2_411/ide/tools/bin/../lib/gcc/arm-none-eabi/5.4.1/../../../../arm-none-eabi/lib/armv6-m\libcr_c.a(errno.o)
 .comment       0x0000006e       0x6f c:/nxp/mcuxpressoide_10.0.2_411/ide/tools/bin/../lib/gcc/arm-none-eabi/5.4.1/../../../../arm-none-eabi/lib/armv6-m\libcr_c.a(_deferredlazyseek.o)
 .comment       0x0000006e       0x6f c:/nxp/mcuxpressoide_10.0.2_411/ide/tools/bin/../lib/gcc/arm-none-eabi/5.4.1/../../../../arm-none-eabi/lib/armv6-m\libcr_semihost.a(__ciob.o)

.ARM.attributes
                0x00000000       0x2f
 .ARM.attributes
                0x00000000       0x31 ./src/crp.o
 .ARM.attributes
                0x00000031       0x31 ./src/main.o
 .ARM.attributes
                0x00000062       0x31 ./src/timer.o
 .ARM.attributes
                0x00000093       0x31 ./mods/tmeas/tmeas.o
 .ARM.attributes
                0x000000c4       0x31 ./mods/ndeft2t/ndeft2t.o
 .ARM.attributes
                0x000000f5       0x31 C:\Users\kille\Desktop\Senior Project\SeniorProject\Hardware\lib_board_dp\Debug\liblib_board_dp.a(board.o)
 .ARM.attributes
                0x00000126       0x32 C:\Users\kille\Desktop\Senior Project\SeniorProject\Hardware\lib_chip_8Nxx\Debug\liblib_chip_8Nxx.a(clock_8Nxx.o)
 .ARM.attributes
                0x00000158       0x32 C:\Users\kille\Desktop\Senior Project\SeniorProject\Hardware\lib_chip_8Nxx\Debug\liblib_chip_8Nxx.a(eeprom_8Nxx.o)
 .ARM.attributes
                0x0000018a       0x32 C:\Users\kille\Desktop\Senior Project\SeniorProject\Hardware\lib_chip_8Nxx\Debug\liblib_chip_8Nxx.a(flash_8Nxx.o)
 .ARM.attributes
                0x000001bc       0x32 C:\Users\kille\Desktop\Senior Project\SeniorProject\Hardware\lib_chip_8Nxx\Debug\liblib_chip_8Nxx.a(gpio_8Nxx.o)
 .ARM.attributes
                0x000001ee       0x32 C:\Users\kille\Desktop\Senior Project\SeniorProject\Hardware\lib_chip_8Nxx\Debug\liblib_chip_8Nxx.a(iocon_8Nxx.o)
 .ARM.attributes
                0x00000220       0x32 C:\Users\kille\Desktop\Senior Project\SeniorProject\Hardware\lib_chip_8Nxx\Debug\liblib_chip_8Nxx.a(nfc_8Nxx.o)
 .ARM.attributes
                0x00000252       0x32 C:\Users\kille\Desktop\Senior Project\SeniorProject\Hardware\lib_chip_8Nxx\Debug\liblib_chip_8Nxx.a(pmu_8Nxx.o)
 .ARM.attributes
                0x00000284       0x32 C:\Users\kille\Desktop\Senior Project\SeniorProject\Hardware\lib_chip_8Nxx\Debug\liblib_chip_8Nxx.a(rtc_8Nxx.o)
 .ARM.attributes
                0x000002b6       0x32 C:\Users\kille\Desktop\Senior Project\SeniorProject\Hardware\lib_chip_8Nxx\Debug\liblib_chip_8Nxx.a(syscon_8Nxx.o)
 .ARM.attributes
                0x000002e8       0x32 C:\Users\kille\Desktop\Senior Project\SeniorProject\Hardware\lib_chip_8Nxx\Debug\liblib_chip_8Nxx.a(timer_8Nxx.o)
 .ARM.attributes
                0x0000031a       0x32 C:\Users\kille\Desktop\Senior Project\SeniorProject\Hardware\lib_chip_8Nxx\Debug\liblib_chip_8Nxx.a(tsen_8Nxx.o)
 .ARM.attributes
                0x0000034c       0x32 C:\Users\kille\Desktop\Senior Project\SeniorProject\Hardware\lib_chip_8Nxx\Debug\liblib_chip_8Nxx.a(mcux_startup.o)
 .ARM.attributes
                0x0000037e       0x32 C:\Users\kille\Desktop\Senior Project\SeniorProject\Hardware\lib_chip_8Nxx\Debug\liblib_chip_8Nxx.a(bussync_8Nxx.o)
 .ARM.attributes
                0x000003b0       0x31 c:/nxp/mcuxpressoide_10.0.2_411/ide/tools/bin/../lib/gcc/arm-none-eabi/5.4.1/../../../../arm-none-eabi/lib/armv6-m\libcr_semihost.a(_cr__main.o)
 .ARM.attributes
                0x000003e1       0x31 c:/nxp/mcuxpressoide_10.0.2_411/ide/tools/bin/../lib/gcc/arm-none-eabi/5.4.1/../../../../arm-none-eabi/lib/armv6-m\libcr_c.a(memcpy.o)
 .ARM.attributes
                0x00000412       0x31 c:/nxp/mcuxpressoide_10.0.2_411/ide/tools/bin/../lib/gcc/arm-none-eabi/5.4.1/../../../../arm-none-eabi/lib/armv6-m\libcr_c.a(memmove.o)
 .ARM.attributes
                0x00000443       0x31 c:/nxp/mcuxpressoide_10.0.2_411/ide/tools/bin/../lib/gcc/arm-none-eabi/5.4.1/../../../../arm-none-eabi/lib/armv6-m\libcr_c.a(initio.o)
 .ARM.attributes
                0x00000474       0x31 c:/nxp/mcuxpressoide_10.0.2_411/ide/tools/bin/../lib/gcc/arm-none-eabi/5.4.1/../../../../arm-none-eabi/lib/armv6-m\libcr_c.a(setvbuf.o)
 .ARM.attributes
                0x000004a5       0x31 c:/nxp/mcuxpressoide_10.0.2_411/ide/tools/bin/../lib/gcc/arm-none-eabi/5.4.1/../../../../arm-none-eabi/lib/armv6-m\libcr_c.a(strcat.o)
 .ARM.attributes
                0x000004d6       0x31 c:/nxp/mcuxpressoide_10.0.2_411/ide/tools/bin/../lib/gcc/arm-none-eabi/5.4.1/../../../../arm-none-eabi/lib/armv6-m\libcr_c.a(strcpy.o)
 .ARM.attributes
                0x00000507       0x31 c:/nxp/mcuxpressoide_10.0.2_411/ide/tools/bin/../lib/gcc/arm-none-eabi/5.4.1/../../../../arm-none-eabi/lib/armv6-m\libcr_c.a(strlen.o)
 .ARM.attributes
                0x00000538       0x31 c:/nxp/mcuxpressoide_10.0.2_411/ide/tools/bin/../lib/gcc/arm-none-eabi/5.4.1/../../../../arm-none-eabi/lib/armv6-m\libcr_c.a(strncmp.o)
 .ARM.attributes
                0x00000569       0x31 c:/nxp/mcuxpressoide_10.0.2_411/ide/tools/bin/../lib/gcc/arm-none-eabi/5.4.1/../../../../arm-none-eabi/lib/armv6-m\libcr_c.a(strncpy.o)
 .ARM.attributes
                0x0000059a       0x31 c:/nxp/mcuxpressoide_10.0.2_411/ide/tools/bin/../lib/gcc/arm-none-eabi/5.4.1/../../../../arm-none-eabi/lib/armv6-m\libcr_c.a(_fdopen.o)
 .ARM.attributes
                0x000005cb       0x31 c:/nxp/mcuxpressoide_10.0.2_411/ide/tools/bin/../lib/gcc/arm-none-eabi/5.4.1/../../../../arm-none-eabi/lib/armv6-m\libcr_c.a(fclose.o)
 .ARM.attributes
                0x000005fc       0x31 c:/nxp/mcuxpressoide_10.0.2_411/ide/tools/bin/../lib/gcc/arm-none-eabi/5.4.1/../../../../arm-none-eabi/lib/armv6-m\libcr_c.a(fflush.o)
 .ARM.attributes
                0x0000062d       0x31 c:/nxp/mcuxpressoide_10.0.2_411/ide/tools/bin/../lib/gcc/arm-none-eabi/5.4.1/../../../../arm-none-eabi/lib/armv6-m\libcr_c.a(fseek.o)
 .ARM.attributes
                0x0000065e       0x31 c:/nxp/mcuxpressoide_10.0.2_411/ide/tools/bin/../lib/gcc/arm-none-eabi/5.4.1/../../../../arm-none-eabi/lib/armv6-m\libcr_c.a(ftell.o)
 .ARM.attributes
                0x0000068f       0x31 c:/nxp/mcuxpressoide_10.0.2_411/ide/tools/bin/../lib/gcc/arm-none-eabi/5.4.1/../../../../arm-none-eabi/lib/armv6-m\libcr_c.a(remove.o)
 .ARM.attributes
                0x000006c0       0x31 c:/nxp/mcuxpressoide_10.0.2_411/ide/tools/bin/../lib/gcc/arm-none-eabi/5.4.1/../../../../arm-none-eabi/lib/armv6-m\libcr_c.a(memset.o)
 .ARM.attributes
                0x000006f1       0x31 c:/nxp/mcuxpressoide_10.0.2_411/ide/tools/bin/../lib/gcc/arm-none-eabi/5.4.1/../../../../arm-none-eabi/lib/armv6-m\libcr_c.a(_do_fflush.o)
 .ARM.attributes
                0x00000722       0x31 c:/nxp/mcuxpressoide_10.0.2_411/ide/tools/bin/../lib/gcc/arm-none-eabi/5.4.1/../../../../arm-none-eabi/lib/armv6-m\libcr_c.a(_fflush.o)
 .ARM.attributes
                0x00000753       0x31 c:/nxp/mcuxpressoide_10.0.2_411/ide/tools/bin/../lib/gcc/arm-none-eabi/5.4.1/../../../../arm-none-eabi/lib/armv6-m\libcr_c.a(_writebuf.o)
 .ARM.attributes
                0x00000784       0x31 c:/nxp/mcuxpressoide_10.0.2_411/ide/tools/bin/../lib/gcc/arm-none-eabi/5.4.1/../../../../arm-none-eabi/lib/armv6-m\libcr_c.a(alloc.o)
 .ARM.attributes
                0x000007b5       0x31 c:/nxp/mcuxpressoide_10.0.2_411/ide/tools/bin/../lib/gcc/arm-none-eabi/5.4.1/../../../../arm-none-eabi/lib/armv6-m\libcr_c.a(errno.o)
 .ARM.attributes
                0x000007e6       0x31 c:/nxp/mcuxpressoide_10.0.2_411/ide/tools/bin/../lib/gcc/arm-none-eabi/5.4.1/../../../../arm-none-eabi/lib/armv6-m\libcr_c.a(_deferredlazyseek.o)
 .ARM.attributes
                0x00000817       0x21 c:/nxp/mcuxpressoide_10.0.2_411/ide/tools/bin/../lib/gcc/arm-none-eabi/5.4.1/armv6-m\libcr_eabihelpers.a(division_32.o)
 .ARM.attributes
                0x00000838       0x21 c:/nxp/mcuxpressoide_10.0.2_411/ide/tools/bin/../lib/gcc/arm-none-eabi/5.4.1/armv6-m\libcr_eabihelpers.a(division_idiv0.o)
 .ARM.attributes
                0x00000859       0x21 c:/nxp/mcuxpressoide_10.0.2_411/ide/tools/bin/../lib/gcc/arm-none-eabi/5.4.1/armv6-m\libcr_eabihelpers.a(memcpy.o)
 .ARM.attributes
                0x0000087a       0x31 c:/nxp/mcuxpressoide_10.0.2_411/ide/tools/bin/../lib/gcc/arm-none-eabi/5.4.1/../../../../arm-none-eabi/lib/armv6-m\libcr_semihost.a(__ciob.o)
 .ARM.attributes
                0x000008ab       0x21 c:/nxp/mcuxpressoide_10.0.2_411/ide/tools/bin/../lib/gcc/arm-none-eabi/5.4.1/../../../../arm-none-eabi/lib/armv6-m\libcr_semihost.a(__sys_close.o)
 .ARM.attributes
                0x000008cc       0x21 c:/nxp/mcuxpressoide_10.0.2_411/ide/tools/bin/../lib/gcc/arm-none-eabi/5.4.1/../../../../arm-none-eabi/lib/armv6-m\libcr_semihost.a(__sys_flen.o)
 .ARM.attributes
                0x000008ed       0x21 c:/nxp/mcuxpressoide_10.0.2_411/ide/tools/bin/../lib/gcc/arm-none-eabi/5.4.1/../../../../arm-none-eabi/lib/armv6-m\libcr_semihost.a(__sys_istty.o)
 .ARM.attributes
                0x0000090e       0x21 c:/nxp/mcuxpressoide_10.0.2_411/ide/tools/bin/../lib/gcc/arm-none-eabi/5.4.1/../../../../arm-none-eabi/lib/armv6-m\libcr_semihost.a(__sys_remove.o)
 .ARM.attributes
                0x0000092f       0x21 c:/nxp/mcuxpressoide_10.0.2_411/ide/tools/bin/../lib/gcc/arm-none-eabi/5.4.1/../../../../arm-none-eabi/lib/armv6-m\libcr_semihost.a(__sys_seek.o)
 .ARM.attributes
                0x00000950       0x21 c:/nxp/mcuxpressoide_10.0.2_411/ide/tools/bin/../lib/gcc/arm-none-eabi/5.4.1/../../../../arm-none-eabi/lib/armv6-m\libcr_semihost.a(__sys_tmpnam.o)
 .ARM.attributes
                0x00000971       0x21 c:/nxp/mcuxpressoide_10.0.2_411/ide/tools/bin/../lib/gcc/arm-none-eabi/5.4.1/../../../../arm-none-eabi/lib/armv6-m\libcr_semihost.a(__sys_write.o)

.debug_ranges   0x00000000      0x7b0
 .debug_ranges  0x00000000      0x120 ./src/main.o
 .debug_ranges  0x00000120       0x40 ./src/timer.o
 .debug_ranges  0x00000160       0x30 ./mods/tmeas/tmeas.o
 .debug_ranges  0x00000190       0xb0 ./mods/ndeft2t/ndeft2t.o
 .debug_ranges  0x00000240       0x10 C:\Users\kille\Desktop\Senior Project\SeniorProject\Hardware\lib_board_dp\Debug\liblib_board_dp.a(board.o)
 .debug_ranges  0x00000250       0xb0 C:\Users\kille\Desktop\Senior Project\SeniorProject\Hardware\lib_chip_8Nxx\Debug\liblib_chip_8Nxx.a(clock_8Nxx.o)
 .debug_ranges  0x00000300       0x48 C:\Users\kille\Desktop\Senior Project\SeniorProject\Hardware\lib_chip_8Nxx\Debug\liblib_chip_8Nxx.a(eeprom_8Nxx.o)
 .debug_ranges  0x00000348       0x28 C:\Users\kille\Desktop\Senior Project\SeniorProject\Hardware\lib_chip_8Nxx\Debug\liblib_chip_8Nxx.a(flash_8Nxx.o)
 .debug_ranges  0x00000370       0x80 C:\Users\kille\Desktop\Senior Project\SeniorProject\Hardware\lib_chip_8Nxx\Debug\liblib_chip_8Nxx.a(gpio_8Nxx.o)
 .debug_ranges  0x000003f0       0x48 C:\Users\kille\Desktop\Senior Project\SeniorProject\Hardware\lib_chip_8Nxx\Debug\liblib_chip_8Nxx.a(iocon_8Nxx.o)
 .debug_ranges  0x00000438       0x68 C:\Users\kille\Desktop\Senior Project\SeniorProject\Hardware\lib_chip_8Nxx\Debug\liblib_chip_8Nxx.a(nfc_8Nxx.o)
 .debug_ranges  0x000004a0       0xc0 C:\Users\kille\Desktop\Senior Project\SeniorProject\Hardware\lib_chip_8Nxx\Debug\liblib_chip_8Nxx.a(pmu_8Nxx.o)
 .debug_ranges  0x00000560       0x88 C:\Users\kille\Desktop\Senior Project\SeniorProject\Hardware\lib_chip_8Nxx\Debug\liblib_chip_8Nxx.a(rtc_8Nxx.o)
 .debug_ranges  0x000005e8       0x90 C:\Users\kille\Desktop\Senior Project\SeniorProject\Hardware\lib_chip_8Nxx\Debug\liblib_chip_8Nxx.a(syscon_8Nxx.o)
 .debug_ranges  0x00000678       0x38 C:\Users\kille\Desktop\Senior Project\SeniorProject\Hardware\lib_chip_8Nxx\Debug\liblib_chip_8Nxx.a(timer_8Nxx.o)
 .debug_ranges  0x000006b0       0xb0 C:\Users\kille\Desktop\Senior Project\SeniorProject\Hardware\lib_chip_8Nxx\Debug\liblib_chip_8Nxx.a(tsen_8Nxx.o)
 .debug_ranges  0x00000760       0x30 C:\Users\kille\Desktop\Senior Project\SeniorProject\Hardware\lib_chip_8Nxx\Debug\liblib_chip_8Nxx.a(mcux_startup.o)
 .debug_ranges  0x00000790       0x20 C:\Users\kille\Desktop\Senior Project\SeniorProject\Hardware\lib_chip_8Nxx\Debug\liblib_chip_8Nxx.a(bussync_8Nxx.o)

.debug_frame    0x00000000     0x1d14
 .debug_frame   0x00000000      0x464 ./src/main.o
 .debug_frame   0x00000464       0xe4 ./src/timer.o
 .debug_frame   0x00000548       0xb0 ./mods/tmeas/tmeas.o
 .debug_frame   0x000005f8      0x2a8 ./mods/ndeft2t/ndeft2t.o
 .debug_frame   0x000008a0       0x2c C:\Users\kille\Desktop\Senior Project\SeniorProject\Hardware\lib_board_dp\Debug\liblib_board_dp.a(board.o)
 .debug_frame   0x000008cc      0x29c C:\Users\kille\Desktop\Senior Project\SeniorProject\Hardware\lib_chip_8Nxx\Debug\liblib_chip_8Nxx.a(clock_8Nxx.o)
 .debug_frame   0x00000b68      0x110 C:\Users\kille\Desktop\Senior Project\SeniorProject\Hardware\lib_chip_8Nxx\Debug\liblib_chip_8Nxx.a(eeprom_8Nxx.o)
 .debug_frame   0x00000c78       0x8c C:\Users\kille\Desktop\Senior Project\SeniorProject\Hardware\lib_chip_8Nxx\Debug\liblib_chip_8Nxx.a(flash_8Nxx.o)
 .debug_frame   0x00000d04      0x1f0 C:\Users\kille\Desktop\Senior Project\SeniorProject\Hardware\lib_chip_8Nxx\Debug\liblib_chip_8Nxx.a(gpio_8Nxx.o)
 .debug_frame   0x00000ef4      0x110 C:\Users\kille\Desktop\Senior Project\SeniorProject\Hardware\lib_chip_8Nxx\Debug\liblib_chip_8Nxx.a(iocon_8Nxx.o)
 .debug_frame   0x00001004      0x190 C:\Users\kille\Desktop\Senior Project\SeniorProject\Hardware\lib_chip_8Nxx\Debug\liblib_chip_8Nxx.a(nfc_8Nxx.o)
 .debug_frame   0x00001194      0x2c4 C:\Users\kille\Desktop\Senior Project\SeniorProject\Hardware\lib_chip_8Nxx\Debug\liblib_chip_8Nxx.a(pmu_8Nxx.o)
 .debug_frame   0x00001458      0x210 C:\Users\kille\Desktop\Senior Project\SeniorProject\Hardware\lib_chip_8Nxx\Debug\liblib_chip_8Nxx.a(rtc_8Nxx.o)
 .debug_frame   0x00001668      0x214 C:\Users\kille\Desktop\Senior Project\SeniorProject\Hardware\lib_chip_8Nxx\Debug\liblib_chip_8Nxx.a(syscon_8Nxx.o)
 .debug_frame   0x0000187c       0xd0 C:\Users\kille\Desktop\Senior Project\SeniorProject\Hardware\lib_chip_8Nxx\Debug\liblib_chip_8Nxx.a(timer_8Nxx.o)
 .debug_frame   0x0000194c      0x2b0 C:\Users\kille\Desktop\Senior Project\SeniorProject\Hardware\lib_chip_8Nxx\Debug\liblib_chip_8Nxx.a(tsen_8Nxx.o)
 .debug_frame   0x00001bfc       0xa8 C:\Users\kille\Desktop\Senior Project\SeniorProject\Hardware\lib_chip_8Nxx\Debug\liblib_chip_8Nxx.a(mcux_startup.o)
 .debug_frame   0x00001ca4       0x70 C:\Users\kille\Desktop\Senior Project\SeniorProject\Hardware\lib_chip_8Nxx\Debug\liblib_chip_8Nxx.a(bussync_8Nxx.o)
